Archive member included to satisfy reference by file (symbol)

.\CortexM3\ARM_GCC_541\Debug\Albumin_Measurement_Potentiostat.a(TIA.o)
                              .\CortexM3\ARM_GCC_541\Debug\R_TIA_Select.o (TIA_SetResFB)
.\CortexM3\ARM_GCC_541\Debug\Albumin_Measurement_Potentiostat.a(ADC_DelSig.o)
                              .\CortexM3\ARM_GCC_541\Debug\main.o (ADC_DelSig_Start)
.\CortexM3\ARM_GCC_541\Debug\Albumin_Measurement_Potentiostat.a(ADC_DelSig_INT.o)
                              .\CortexM3\ARM_GCC_541\Debug\Albumin_Measurement_Potentiostat.a(ADC_DelSig.o) (ADC_DelSig_ISR1)
.\CortexM3\ARM_GCC_541\Debug\Albumin_Measurement_Potentiostat.a(IDAC_Calibration.o)
                              .\CortexM3\ARM_GCC_541\Debug\main.o (IDAC_Calibration_Stop)
.\CortexM3\ARM_GCC_541\Debug\Albumin_Measurement_Potentiostat.a(Opamp.o)
                              .\CortexM3\ARM_GCC_541\Debug\main.o (Opamp_Start)
.\CortexM3\ARM_GCC_541\Debug\Albumin_Measurement_Potentiostat.a(UART.o)
                              .\CortexM3\ARM_GCC_541\Debug\main.o (UART_Start)
.\CortexM3\ARM_GCC_541\Debug\Albumin_Measurement_Potentiostat.a(isr_RX.o)
                              .\CortexM3\ARM_GCC_541\Debug\main.o (isr_RX_StartEx)
.\CortexM3\ARM_GCC_541\Debug\Albumin_Measurement_Potentiostat.a(Pin_LED.o)
                              .\CortexM3\ARM_GCC_541\Debug\main.o (Pin_LED_Write)
.\CortexM3\ARM_GCC_541\Debug\Albumin_Measurement_Potentiostat.a(ADC_DelSig_Ext_CP_Clk.o)
                              .\CortexM3\ARM_GCC_541\Debug\Albumin_Measurement_Potentiostat.a(ADC_DelSig.o) (ADC_DelSig_Ext_CP_Clk_SetModeRegister)
.\CortexM3\ARM_GCC_541\Debug\Albumin_Measurement_Potentiostat.a(ADC_DelSig_theACLK.o)
                              .\CortexM3\ARM_GCC_541\Debug\Albumin_Measurement_Potentiostat.a(ADC_DelSig.o) (ADC_DelSig_theACLK_SetModeRegister)
.\CortexM3\ARM_GCC_541\Debug\Albumin_Measurement_Potentiostat.a(UART_IntClock.o)
                              .\CortexM3\ARM_GCC_541\Debug\Albumin_Measurement_Potentiostat.a(UART.o) (UART_IntClock_Start)
.\CortexM3\ARM_GCC_541\Debug\Albumin_Measurement_Potentiostat.a(CyDmac.o)
                              .\CortexM3\ARM_GCC_541\Debug\Cm3Start.o (CyDmacConfigure)
.\CortexM3\ARM_GCC_541\Debug\Albumin_Measurement_Potentiostat.a(CyLib.o)
                              .\CortexM3\ARM_GCC_541\Debug\Cm3Start.o (CyHalt)
.\CortexM3\ARM_GCC_541\Debug\Albumin_Measurement_Potentiostat.a(cyPm.o)
                              .\CortexM3\ARM_GCC_541\Debug\Albumin_Measurement_Potentiostat.a(CyLib.o) (CyPmReadStatus)
.\CortexM3\ARM_GCC_541\Debug\Albumin_Measurement_Potentiostat.a(PWM_isr.o)
                              .\CortexM3\ARM_GCC_541\Debug\main.o (PWM_isr_WritePeriod)
.\CortexM3\ARM_GCC_541\Debug\Albumin_Measurement_Potentiostat.a(PWM_isr_PM.o)
                              .\CortexM3\ARM_GCC_541\Debug\main.o (PWM_isr_Sleep)
.\CortexM3\ARM_GCC_541\Debug\Albumin_Measurement_Potentiostat.a(isr_Crono.o)
                              .\CortexM3\ARM_GCC_541\Debug\main.o (isr_Crono_Enable)
.\CortexM3\ARM_GCC_541\Debug\Albumin_Measurement_Potentiostat.a(isr_CV.o)
                              .\CortexM3\ARM_GCC_541\Debug\main.o (isr_CV_Enable)
.\CortexM3\ARM_GCC_541\Debug\Albumin_Measurement_Potentiostat.a(VDAC_VG.o)
                              .\CortexM3\ARM_GCC_541\Debug\main.o (VDAC_VG_Start)
.\CortexM3\ARM_GCC_541\Debug\Albumin_Measurement_Potentiostat.a(AMux_Cur.o)
                              .\CortexM3\ARM_GCC_541\Debug\main.o (AMux_Cur_Start)
.\CortexM3\ARM_GCC_541\Debug\Albumin_Measurement_Potentiostat.a(DVDAC_SetV.o)
                              .\CortexM3\ARM_GCC_541\Debug\main.o (DVDAC_SetV_Start)
.\CortexM3\ARM_GCC_541\Debug\Albumin_Measurement_Potentiostat.a(DVDAC_SetV_PM.o)
                              .\CortexM3\ARM_GCC_541\Debug\main.o (DVDAC_SetV_Sleep)
.\CortexM3\ARM_GCC_541\Debug\Albumin_Measurement_Potentiostat.a(AMux_Electrodes.o)
                              .\CortexM3\ARM_GCC_541\Debug\main.o (AMux_Electrodes_Start)
.\CortexM3\ARM_GCC_541\Debug\Albumin_Measurement_Potentiostat.a(DVDAC_SetV_DMA_dma.o)
                              .\CortexM3\ARM_GCC_541\Debug\Albumin_Measurement_Potentiostat.a(DVDAC_SetV.o) (DVDAC_SetV_DMA_DmaInitialize)
.\CortexM3\ARM_GCC_541\Debug\Albumin_Measurement_Potentiostat.a(DVDAC_SetV_VDAC8.o)
                              .\CortexM3\ARM_GCC_541\Debug\Albumin_Measurement_Potentiostat.a(DVDAC_SetV.o) (DVDAC_SetV_VDAC8_Enable)
.\CortexM3\ARM_GCC_541\Debug\Albumin_Measurement_Potentiostat.a(DVDAC_SetV_VDAC8_PM.o)
                              .\CortexM3\ARM_GCC_541\Debug\Albumin_Measurement_Potentiostat.a(DVDAC_SetV_PM.o) (DVDAC_SetV_VDAC8_SaveConfig)
.\CortexM3\ARM_GCC_541\Debug\Albumin_Measurement_Potentiostat.a(DVDAC_SetV_IntClock.o)
                              .\CortexM3\ARM_GCC_541\Debug\Albumin_Measurement_Potentiostat.a(DVDAC_SetV.o) (DVDAC_SetV_IntClock_Start)
[...]
Memory Configuration

Name             Origin             Length             Attributes
rom              0x00000000         0x00040000         xr
ram              0x1fff8000         0x00010000         xrw
*default*        0x00000000         0xffffffff

Linker script and memory map

LOAD c:/program files (x86)/cypress/psoc creator/4.4/psoc creator/import/gnu/arm/5.4.1/bin/../lib/gcc/arm-none-eabi/5.4.1/armv7-m/crti.o
LOAD c:/program files (x86)/cypress/psoc creator/4.4/psoc creator/import/gnu/arm/5.4.1/bin/../lib/gcc/arm-none-eabi/5.4.1/armv7-m/crtbegin.o
LOAD c:/program files (x86)/cypress/psoc creator/4.4/psoc creator/import/gnu/arm/5.4.1/bin/../lib/gcc/arm-none-eabi/5.4.1/../../../../arm-none-eabi/lib/armv7-m/crt0.o
START GROUP
LOAD .\CortexM3\ARM_GCC_541\Debug\main.o
LOAD .\CortexM3\ARM_GCC_541\Debug\Calibration.o
LOAD .\CortexM3\ARM_GCC_541\Debug\InterruptRoutines.o
LOAD .\CortexM3\ARM_GCC_541\Debug\InterruptUART.o
LOAD .\CortexM3\ARM_GCC_541\Debug\Rx_Hn.o
LOAD .\CortexM3\ARM_GCC_541\Debug\VoltageControl.o
LOAD .\CortexM3\ARM_GCC_541\Debug\Crono_Measurement.o
LOAD .\CortexM3\ARM_GCC_541\Debug\MinMax.o
LOAD .\CortexM3\ARM_GCC_541\Debug\R_TIA_Select.o
LOAD .\CortexM3\ARM_GCC_541\Debug\cyfitter_cfg.o
LOAD .\CortexM3\ARM_GCC_541\Debug\cymetadata.o
LOAD .\CortexM3\ARM_GCC_541\Debug\Cm3Start.o
LOAD .\CortexM3\ARM_GCC_541\Debug\Albumin_Measurement_Potentiostat.a
LOAD C:\Program Files (x86)\Cypress\PSoC Creator\4.4\PSoC Creator\psoc\content\cycomponentlibrary\CyComponentLibrary.cylib\CortexM3\ARM_GCC_541\Debug\CyComponentLibrary.a
END GROUP
START GROUP
LOAD c:/program files (x86)/cypress/psoc creator/4.4/psoc creator/import/gnu/arm/5.4.1/bin/../lib/gcc/arm-none-eabi/5.4.1/armv7-m\libgcc.a
LOAD c:/program files (x86)/cypress/psoc creator/4.4/psoc creator/import/gnu/arm/5.4.1/bin/../lib/gcc/arm-none-eabi/5.4.1/../../../../arm-none-eabi/lib/armv7-m\libg_nano.a
LOAD c:/program files (x86)/cypress/psoc creator/4.4/psoc creator/import/gnu/arm/5.4.1/bin/../lib/gcc/arm-none-eabi/5.4.1/../../../../arm-none-eabi/lib/armv7-m\libc_nano.a
END GROUP
START GROUP
LOAD c:/program files (x86)/cypress/psoc creator/4.4/psoc creator/import/gnu/arm/5.4.1/bin/../lib/gcc/arm-none-eabi/5.4.1/armv7-m\libgcc.a
LOAD c:/program files (x86)/cypress/psoc creator/4.4/psoc creator/import/gnu/arm/5.4.1/bin/../lib/gcc/arm-none-eabi/5.4.1/../../../../arm-none-eabi/lib/armv7-m\libc_nano.a
END GROUP
LOAD c:/program files (x86)/cypress/psoc creator/4.4/psoc creator/import/gnu/arm/5.4.1/bin/../lib/gcc/arm-none-eabi/5.4.1/armv7-m/crtend.o
LOAD c:/program files (x86)/cypress/psoc creator/4.4/psoc creator/import/gnu/arm/5.4.1/bin/../lib/gcc/arm-none-eabi/5.4.1/armv7-m/crtn.o
START GROUP
LOAD c:/program files (x86)/cypress/psoc creator/4.4/psoc creator/import/gnu/arm/5.4.1/bin/../lib/gcc/arm-none-eabi/5.4.1/armv7-m\libgcc.a
LOAD c:/program files (x86)/cypress/psoc creator/4.4/psoc creator/import/gnu/arm/5.4.1/bin/../lib/gcc/arm-none-eabi/5.4.1/../../../../arm-none-eabi/lib/armv7-m\libc.a
LOAD c:/program files (x86)/cypress/psoc creator/4.4/psoc creator/import/gnu/arm/5.4.1/bin/../lib/gcc/arm-none-eabi/5.4.1/../../../../arm-none-eabi/lib/armv7-m\libnosys.a
END GROUP
                0x00000000                CY_APPL_ORIGIN = 0x0
                0x00000100                CY_FLASH_ROW_SIZE = 0x100
                0x00000020                CY_ECC_ROW_SIZE = 0x20
                0x00000000                CY_EE_IN_BTLDR = 0x0
                0x00000000                CY_APPL_LOADABLE = 0x0
                0x00000800                CY_EE_SIZE = 0x800
                0x00000001                CY_APPL_NUM = 0x1
                0x00000001                CY_APPL_MAX = 0x1
                0x00000040                CY_METADATA_SIZE = 0x40
                0x00000000                CY_APPL_LOADABLE = 0x0
                0x00000000                CY_CHECKSUM_EXCLUDE_SIZE = ALIGN (0x0, CY_FLASH_ROW_SIZE)
                [!provide]                PROVIDE (__cy_heap_start, _end)
                0x00000001                PROVIDE (__cy_region_num, ((__cy_regions_end - __cy_regions) / 0x10))
                0x20008000                PROVIDE (__cy_stack, (ORIGIN (ram) + LENGTH (ram)))
                [!provide]                PROVIDE (__cy_heap_end, (__cy_stack - 0x800))

.cybootloader   0x00000000        0x0
 *(.cybootloader)
                0x00000000                appl1_start = CY_APPL_ORIGIN?CY_APPL_ORIGIN:ALIGN (CY_FLASH_ROW_SIZE)
                0x0001ff00                appl2_start = (appl1_start + ALIGN ((((LENGTH (rom) - appl1_start) - (0x2 * CY_FLASH_ROW_SIZE)) / 0x2), CY_FLASH_ROW_SIZE))
                0x00000000                appl_start = (CY_APPL_NUM == 0x1)?appl1_start:appl2_start
                0x00000000                ecc_offset = ((appl_start / CY_FLASH_ROW_SIZE) * CY_ECC_ROW_SIZE)
                0x00000000                ee_offset = (CY_APPL_LOADABLE && ! (CY_EE_IN_BTLDR))?((CY_EE_SIZE / CY_APPL_MAX) * (CY_APPL_NUM - 0x1)):0x0
                0x00000800                ee_size = (CY_APPL_LOADABLE && ! (CY_EE_IN_BTLDR))?(CY_EE_SIZE / CY_APPL_MAX):CY_EE_SIZE
                [!provide]                PROVIDE (CY_ECC_OFFSET, ecc_offset)

.text           0x00000000     0x3222
 CREATE_OBJECT_SYMBOLS
                0x00000000                PROVIDE (__cy_interrupt_vector, RomVectors)
 *(.romvectors)
 .romvectors    0x00000000       0x10 .\CortexM3\ARM_GCC_541\Debug\Cm3Start.o
                0x00000000                RomVectors
                0x00000001                ASSERT ((. != __cy_interrupt_vector), No interrupt vector)
                0x00000001                ASSERT (CY_APPL_ORIGIN?(SIZEOF (.cybootloader) <= CY_APPL_ORIGIN):0x1, Wrong image location)
                0x00000010                PROVIDE (__cy_reset, Reset)
 *(.text.Reset)
 .text.Reset    0x00000010       0x18 .\CortexM3\ARM_GCC_541\Debug\Cm3Start.o
                0x00000010                Reset
                0x00000001                ASSERT ((. != __cy_reset), No reset code)
 *(.dma_init)
                0x00000001                ASSERT ((((appl_start + .) <= 0x10000) || 0x1), DMA Init must be within the first 64k of flash)
 *(.text .text.* .gnu.linkonce.t.*)
 .text          0x00000028       0x5c c:/program files (x86)/cypress/psoc creator/4.4/psoc creator/import/gnu/arm/5.4.1/bin/../lib/gcc/arm-none-eabi/5.4.1/armv7-m/crtbegin.o
 .text.main     0x00000084      0x5fc .\CortexM3\ARM_GCC_541\Debug\main.o
                0x00000084                main
 .text.FindCoefficeint
                0x00000680      0x2e8 .\CortexM3\ARM_GCC_541\Debug\Calibration.o
                0x00000680                FindCoefficeint
 .text.Measure_Function
                0x00000968       0x54 .\CortexM3\ARM_GCC_541\Debug\InterruptRoutines.o
                0x00000968                Measure_Function
 .text.Custom_ISR_RX
                0x000009bc        0xc .\CortexM3\ARM_GCC_541\Debug\InterruptUART.o
                0x000009bc                Custom_ISR_RX
 .text.Rx_Handler
                0x000009c8      0x1f0 .\CortexM3\ARM_GCC_541\Debug\Rx_Hn.o
                0x000009c8                Rx_Handler
 .text.Custom_ISR_CV
                0x00000bb8       0x98 .\CortexM3\ARM_GCC_541\Debug\VoltageControl.o
                0x00000bb8                Custom_ISR_CV
 .text.Custom_ISR_Crono
                0x00000c50       0x2c .\CortexM3\ARM_GCC_541\Debug\Crono_Measurement.o
                0x00000c50                Custom_ISR_Crono
 .text.Max_Function
                0x00000c7c       0x40 .\CortexM3\ARM_GCC_541\Debug\MinMax.o
                0x00000c7c                Max_Function
 .text.Min_Function
                0x00000cbc       0x40 .\CortexM3\ARM_GCC_541\Debug\MinMax.o
                0x00000cbc                Min_Function
 .text.CyClockStartupError
                0x00000cfc        0x4 .\CortexM3\ARM_GCC_541\Debug\cyfitter_cfg.o
 .text.cfg_write_bytes32
                0x00000d00       0x34 .\CortexM3\ARM_GCC_541\Debug\cyfitter_cfg.o
 .text.AnalogSetDefault
                0x00000d34       0x5c .\CortexM3\ARM_GCC_541\Debug\cyfitter_cfg.o
 .text.CYMEMZERO
                0x00000d90        0xc .\CortexM3\ARM_GCC_541\Debug\cyfitter_cfg.o
 .text.CYCONFIGCPY
                0x00000d9c        0x8 .\CortexM3\ARM_GCC_541\Debug\cyfitter_cfg.o
 .text.ClockSetup
                0x00000da4      0x104 .\CortexM3\ARM_GCC_541\Debug\cyfitter_cfg.o
 .text.AMux_Cur_Set
                0x00000ea8       0x58 .\CortexM3\ARM_GCC_541\Debug\cyfitter_cfg.o
                0x00000ea8                AMux_Cur_Set
 .text.AMux_Cur_Unset
                0x00000f00       0x58 .\CortexM3\ARM_GCC_541\Debug\cyfitter_cfg.o
                0x00000f00                AMux_Cur_Unset
 .text.AMux_Electrodes_Set
                0x00000f58       0x1c .\CortexM3\ARM_GCC_541\Debug\cyfitter_cfg.o
                0x00000f58                AMux_Electrodes_Set
 .text.AMux_Electrodes_Unset
                0x00000f74       0x20 .\CortexM3\ARM_GCC_541\Debug\cyfitter_cfg.o
                0x00000f74                AMux_Electrodes_Unset
 .text.cyfitter_cfg
                0x00000f94      0x148 .\CortexM3\ARM_GCC_541\Debug\cyfitter_cfg.o
                0x00000f94                cyfitter_cfg
 .text.IntDefaultHandler
                0x000010dc       0x10 .\CortexM3\ARM_GCC_541\Debug\Cm3Start.o
                0x000010dc                IntDefaultHandler
 .text.Start_c  0x000010ec       0x4c .\CortexM3\ARM_GCC_541\Debug\Cm3Start.o
                0x000010ec                Start_c
 .text.initialize_psoc
                0x00001138       0x6c .\CortexM3\ARM_GCC_541\Debug\Cm3Start.o
                0x00001138                initialize_psoc
 .text.TIA_Enable
                0x000011a4       0x28 .\CortexM3\ARM_GCC_541\Debug\Albumin_Measurement_Potentiostat.a(TIA.o)
                0x000011a4                TIA_Enable
 .text.TIA_SetPower
                0x000011cc       0x18 .\CortexM3\ARM_GCC_541\Debug\Albumin_Measurement_Potentiostat.a(TIA.o)
                0x000011cc                TIA_SetPower
 .text.TIA_SetResFB
                0x000011e4       0x20 .\CortexM3\ARM_GCC_541\Debug\Albumin_Measurement_Potentiostat.a(TIA.o)
                0x000011e4                TIA_SetResFB
 .text.TIA_SetCapFB
                0x00001204       0x20 .\CortexM3\ARM_GCC_541\Debug\Albumin_Measurement_Potentiostat.a(TIA.o)
                0x00001204                TIA_SetCapFB
 .text.TIA_Init
                0x00001224       0x2c .\CortexM3\ARM_GCC_541\Debug\Albumin_Measurement_Potentiostat.a(TIA.o)
                0x00001224                TIA_Init
 .text.TIA_Start
                0x00001250       0x1c .\CortexM3\ARM_GCC_541\Debug\Albumin_Measurement_Potentiostat.a(TIA.o)
                0x00001250                TIA_Start
 .text.ADC_DelSig_GainCompensation
                0x0000126c       0xdc .\CortexM3\ARM_GCC_541\Debug\Albumin_Measurement_Potentiostat.a(ADC_DelSig.o)
 .text.ADC_DelSig_SetDSMRef0Reg
                0x00001348       0x4c .\CortexM3\ARM_GCC_541\Debug\Albumin_Measurement_Potentiostat.a(ADC_DelSig.o)
 .text.ADC_DelSig_InitConfig
                0x00001394       0xd4 .\CortexM3\ARM_GCC_541\Debug\Albumin_Measurement_Potentiostat.a(ADC_DelSig.o)
 .text.ADC_DelSig_Init
                0x00001468       0xc4 .\CortexM3\ARM_GCC_541\Debug\Albumin_Measurement_Potentiostat.a(ADC_DelSig.o)
                0x00001468                ADC_DelSig_Init
 .text.ADC_DelSig_Enable
                0x0000152c       0xd8 .\CortexM3\ARM_GCC_541\Debug\Albumin_Measurement_Potentiostat.a(ADC_DelSig.o)
                0x0000152c                ADC_DelSig_Enable
 .text.ADC_DelSig_Start
                0x00001604       0x28 .\CortexM3\ARM_GCC_541\Debug\Albumin_Measurement_Potentiostat.a(ADC_DelSig.o)
                0x00001604                ADC_DelSig_Start
 .text.ADC_DelSig_StartConvert
                0x0000162c       0x10 .\CortexM3\ARM_GCC_541\Debug\Albumin_Measurement_Potentiostat.a(ADC_DelSig.o)
                0x0000162c                ADC_DelSig_StartConvert
 .text.ADC_DelSig_StopConvert
                0x0000163c       0x10 .\CortexM3\ARM_GCC_541\Debug\Albumin_Measurement_Potentiostat.a(ADC_DelSig.o)
                0x0000163c                ADC_DelSig_StopConvert
 .text.ADC_DelSig_IsEndConversion
                0x0000164c       0x30 .\CortexM3\ARM_GCC_541\Debug\Albumin_Measurement_Potentiostat.a(ADC_DelSig.o)
                0x0000164c                ADC_DelSig_IsEndConversion
 .text.ADC_DelSig_GetResult32
                0x0000167c       0x6c .\CortexM3\ARM_GCC_541\Debug\Albumin_Measurement_Potentiostat.a(ADC_DelSig.o)
                0x0000167c                ADC_DelSig_GetResult32
 .text.ADC_DelSig_CountsTo_mVolts
                0x000016e8       0x24 .\CortexM3\ARM_GCC_541\Debug\Albumin_Measurement_Potentiostat.a(ADC_DelSig.o)
                0x000016e8                ADC_DelSig_CountsTo_mVolts
 .text.ADC_DelSig_Read32
                0x0000170c       0x28 .\CortexM3\ARM_GCC_541\Debug\Albumin_Measurement_Potentiostat.a(ADC_DelSig.o)
                0x0000170c                ADC_DelSig_Read32
 .text.ADC_DelSig_ISR1
                0x00001734        0x4 .\CortexM3\ARM_GCC_541\Debug\Albumin_Measurement_Potentiostat.a(ADC_DelSig_INT.o)
                0x00001734                ADC_DelSig_ISR1
 .text.IDAC_Calibration_Enable
                0x00001738       0x1c .\CortexM3\ARM_GCC_541\Debug\Albumin_Measurement_Potentiostat.a(IDAC_Calibration.o)
                0x00001738                IDAC_Calibration_Enable
 .text.IDAC_Calibration_Stop
                0x00001754       0x1c .\CortexM3\ARM_GCC_541\Debug\Albumin_Measurement_Potentiostat.a(IDAC_Calibration.o)
                0x00001754                IDAC_Calibration_Stop
 .text.IDAC_Calibration_SetSpeed
                0x00001770       0x1c .\CortexM3\ARM_GCC_541\Debug\Albumin_Measurement_Potentiostat.a(IDAC_Calibration.o)
                0x00001770                IDAC_Calibration_SetSpeed
 .text.IDAC_Calibration_SetValue
                0x0000178c        0xc .\CortexM3\ARM_GCC_541\Debug\Albumin_Measurement_Potentiostat.a(IDAC_Calibration.o)
                0x0000178c                IDAC_Calibration_SetValue
 .text.IDAC_Calibration_DacTrim
                0x00001798       0x34 .\CortexM3\ARM_GCC_541\Debug\Albumin_Measurement_Potentiostat.a(IDAC_Calibration.o)
                0x00001798                IDAC_Calibration_DacTrim
 .text.IDAC_Calibration_Init
                0x000017cc       0x24 .\CortexM3\ARM_GCC_541\Debug\Albumin_Measurement_Potentiostat.a(IDAC_Calibration.o)
                0x000017cc                IDAC_Calibration_Init
 .text.IDAC_Calibration_Start
                0x000017f0       0x24 .\CortexM3\ARM_GCC_541\Debug\Albumin_Measurement_Potentiostat.a(IDAC_Calibration.o)
                0x000017f0                IDAC_Calibration_Start
 .text.IDAC_Calibration_SetPolarity
                0x00001814       0x20 .\CortexM3\ARM_GCC_541\Debug\Albumin_Measurement_Potentiostat.a(IDAC_Calibration.o)
                0x00001814                IDAC_Calibration_SetPolarity
 .text.Opamp_Enable
                0x00001834       0x28 .\CortexM3\ARM_GCC_541\Debug\Albumin_Measurement_Potentiostat.a(Opamp.o)
                0x00001834                Opamp_Enable
 .text.Opamp_SetPower
                0x0000185c       0x1c .\CortexM3\ARM_GCC_541\Debug\Albumin_Measurement_Potentiostat.a(Opamp.o)
                0x0000185c                Opamp_SetPower
 .text.Opamp_Init
                0x00001878        0xc .\CortexM3\ARM_GCC_541\Debug\Albumin_Measurement_Potentiostat.a(Opamp.o)
                0x00001878                Opamp_Init
 .text.Opamp_Start
                0x00001884       0x1c .\CortexM3\ARM_GCC_541\Debug\Albumin_Measurement_Potentiostat.a(Opamp.o)
                0x00001884                Opamp_Start
 .text.UART_Init
                0x000018a0       0x28 .\CortexM3\ARM_GCC_541\Debug\Albumin_Measurement_Potentiostat.a(UART.o)
                0x000018a0                UART_Init
 .text.UART_Enable
                0x000018c8       0x38 .\CortexM3\ARM_GCC_541\Debug\Albumin_Measurement_Potentiostat.a(UART.o)
                0x000018c8                UART_Enable
 .text.UART_Start
                0x00001900       0x1c .\CortexM3\ARM_GCC_541\Debug\Albumin_Measurement_Potentiostat.a(UART.o)
                0x00001900                UART_Start
 .text.UART_ReadRxData
                0x0000191c        0xc .\CortexM3\ARM_GCC_541\Debug\Albumin_Measurement_Potentiostat.a(UART.o)
                0x0000191c                UART_ReadRxData
 .text.UART_PutChar
                0x00001928       0x18 .\CortexM3\ARM_GCC_541\Debug\Albumin_Measurement_Potentiostat.a(UART.o)
                0x00001928                UART_PutChar
 .text.UART_PutArray
                0x00001940       0x28 .\CortexM3\ARM_GCC_541\Debug\Albumin_Measurement_Potentiostat.a(UART.o)
                0x00001940                UART_PutArray
 .text.isr_RX_SetVector
                0x00001968        0xc .\CortexM3\ARM_GCC_541\Debug\Albumin_Measurement_Potentiostat.a(isr_RX.o)
                0x00001968                isr_RX_SetVector
 .text.isr_RX_SetPriority
                0x00001974       0x10 .\CortexM3\ARM_GCC_541\Debug\Albumin_Measurement_Potentiostat.a(isr_RX.o)
                0x00001974                isr_RX_SetPriority
 .text.isr_RX_Enable
                0x00001984        0xc .\CortexM3\ARM_GCC_541\Debug\Albumin_Measurement_Potentiostat.a(isr_RX.o)
                0x00001984                isr_RX_Enable
 .text.isr_RX_Disable
                0x00001990        0xc .\CortexM3\ARM_GCC_541\Debug\Albumin_Measurement_Potentiostat.a(isr_RX.o)
                0x00001990                isr_RX_Disable
 .text.isr_RX_StartEx
                0x0000199c       0x1c .\CortexM3\ARM_GCC_541\Debug\Albumin_Measurement_Potentiostat.a(isr_RX.o)
                0x0000199c                isr_RX_StartEx
 .text.Pin_LED_Write
                0x000019b8       0x18 .\CortexM3\ARM_GCC_541\Debug\Albumin_Measurement_Potentiostat.a(Pin_LED.o)
                0x000019b8                Pin_LED_Write
 .text.ADC_DelSig_Ext_CP_Clk_GetDividerRegister
                0x000019d0        0xc .\CortexM3\ARM_GCC_541\Debug\Albumin_Measurement_Potentiostat.a(ADC_DelSig_Ext_CP_Clk.o)
                0x000019d0                ADC_DelSig_Ext_CP_Clk_GetDividerRegister
 .text.ADC_DelSig_Ext_CP_Clk_SetModeRegister
                0x000019dc       0x14 .\CortexM3\ARM_GCC_541\Debug\Albumin_Measurement_Potentiostat.a(ADC_DelSig_Ext_CP_Clk.o)
                0x000019dc                ADC_DelSig_Ext_CP_Clk_SetModeRegister
 .text.ADC_DelSig_Ext_CP_Clk_GetSourceRegister
                0x000019f0       0x10 .\CortexM3\ARM_GCC_541\Debug\Albumin_Measurement_Potentiostat.a(ADC_DelSig_Ext_CP_Clk.o)
                0x000019f0                ADC_DelSig_Ext_CP_Clk_GetSourceRegister
 .text.ADC_DelSig_Ext_CP_Clk_SetDividerRegister
                0x00001a00       0xdc .\CortexM3\ARM_GCC_541\Debug\Albumin_Measurement_Potentiostat.a(ADC_DelSig_Ext_CP_Clk.o)
                0x00001a00                ADC_DelSig_Ext_CP_Clk_SetDividerRegister
 .text.ADC_DelSig_theACLK_GetDividerRegister
                0x00001adc        0xc .\CortexM3\ARM_GCC_541\Debug\Albumin_Measurement_Potentiostat.a(ADC_DelSig_theACLK.o)
                0x00001adc                ADC_DelSig_theACLK_GetDividerRegister
 .text.ADC_DelSig_theACLK_SetModeRegister
                0x00001ae8       0x14 .\CortexM3\ARM_GCC_541\Debug\Albumin_Measurement_Potentiostat.a(ADC_DelSig_theACLK.o)
                0x00001ae8                ADC_DelSig_theACLK_SetModeRegister
 .text.ADC_DelSig_theACLK_GetSourceRegister
                0x00001afc       0x10 .\CortexM3\ARM_GCC_541\Debug\Albumin_Measurement_Potentiostat.a(ADC_DelSig_theACLK.o)
                0x00001afc                ADC_DelSig_theACLK_GetSourceRegister
 .text.ADC_DelSig_theACLK_SetDividerRegister
                0x00001b0c       0xd8 .\CortexM3\ARM_GCC_541\Debug\Albumin_Measurement_Potentiostat.a(ADC_DelSig_theACLK.o)
                0x00001b0c                ADC_DelSig_theACLK_SetDividerRegister
 .text.UART_IntClock_Start
                0x00001be4       0x1c .\CortexM3\ARM_GCC_541\Debug\Albumin_Measurement_Potentiostat.a(UART_IntClock.o)
                0x00001be4                UART_IntClock_Start
 .text.CyDmacConfigure
                0x00001c00       0x34 .\CortexM3\ARM_GCC_541\Debug\Albumin_Measurement_Potentiostat.a(CyDmac.o)
                0x00001c00                CyDmacConfigure
 .text.CyDmaChEnable
                0x00001c34       0x38 .\CortexM3\ARM_GCC_541\Debug\Albumin_Measurement_Potentiostat.a(CyDmac.o)
                0x00001c34                CyDmaChEnable
 .text.CyDmaChDisable
                0x00001c6c       0x24 .\CortexM3\ARM_GCC_541\Debug\Albumin_Measurement_Potentiostat.a(CyDmac.o)
                0x00001c6c                CyDmaChDisable
 .text.CyDmaChPriority
                0x00001c90       0x24 .\CortexM3\ARM_GCC_541\Debug\Albumin_Measurement_Potentiostat.a(CyDmac.o)
                0x00001c90                CyDmaChPriority
 .text.CyDmaChSetExtendedAddress
                0x00001cb4       0x34 .\CortexM3\ARM_GCC_541\Debug\Albumin_Measurement_Potentiostat.a(CyDmac.o)
                0x00001cb4                CyDmaChSetExtendedAddress
 .text.CyDmaChSetInitialTd
                0x00001ce8       0x18 .\CortexM3\ARM_GCC_541\Debug\Albumin_Measurement_Potentiostat.a(CyDmac.o)
                0x00001ce8                CyDmaChSetInitialTd
 .text.CyDmaChSetConfiguration
                0x00001d00       0x44 .\CortexM3\ARM_GCC_541\Debug\Albumin_Measurement_Potentiostat.a(CyDmac.o)
                0x00001d00                CyDmaChSetConfiguration
 .text.CyDmaTdAllocate
                0x00001d44       0x34 .\CortexM3\ARM_GCC_541\Debug\Albumin_Measurement_Potentiostat.a(CyDmac.o)
                0x00001d44                CyDmaTdAllocate
 .text.CyDmaTdSetConfiguration
                0x00001d78       0x28 .\CortexM3\ARM_GCC_541\Debug\Albumin_Measurement_Potentiostat.a(CyDmac.o)
                0x00001d78                CyDmaTdSetConfiguration
 .text.CyDmaTdSetAddress
                0x00001da0       0x1c .\CortexM3\ARM_GCC_541\Debug\Albumin_Measurement_Potentiostat.a(CyDmac.o)
                0x00001da0                CyDmaTdSetAddress
 .text.CyHalt   0x00001dbc        0x4 .\CortexM3\ARM_GCC_541\Debug\Albumin_Measurement_Potentiostat.a(CyLib.o)
                0x00001dbc                CyHalt
 .text.CyDelay  0x00001dc0       0x2c .\CortexM3\ARM_GCC_541\Debug\Albumin_Measurement_Potentiostat.a(CyLib.o)
                0x00001dc0                CyDelay
 .text.CyDelayUs
                0x00001dec       0x14 .\CortexM3\ARM_GCC_541\Debug\Albumin_Measurement_Potentiostat.a(CyLib.o)
                0x00001dec                CyDelayUs
 .text.CyIntSetVector
                0x00001e00       0x28 .\CortexM3\ARM_GCC_541\Debug\Albumin_Measurement_Potentiostat.a(CyLib.o)
                0x00001e00                CyIntSetVector
 .text.CyIntSetPriority
                0x00001e28       0x30 .\CortexM3\ARM_GCC_541\Debug\Albumin_Measurement_Potentiostat.a(CyLib.o)
                0x00001e28                CyIntSetPriority
 .text.PWM_isr_Enable
                0x00001e58       0x10 .\CortexM3\ARM_GCC_541\Debug\Albumin_Measurement_Potentiostat.a(PWM_isr.o)
                0x00001e58                PWM_isr_Enable
 .text.PWM_isr_Stop
                0x00001e68       0x10 .\CortexM3\ARM_GCC_541\Debug\Albumin_Measurement_Potentiostat.a(PWM_isr.o)
                0x00001e68                PWM_isr_Stop
 .text.PWM_isr_WriteCounter
                0x00001e78        0xc .\CortexM3\ARM_GCC_541\Debug\Albumin_Measurement_Potentiostat.a(PWM_isr.o)
                0x00001e78                PWM_isr_WriteCounter
 .text.PWM_isr_ReadCounter
                0x00001e84       0x14 .\CortexM3\ARM_GCC_541\Debug\Albumin_Measurement_Potentiostat.a(PWM_isr.o)
                0x00001e84                PWM_isr_ReadCounter
 .text.PWM_isr_WritePeriod
                0x00001e98        0xc .\CortexM3\ARM_GCC_541\Debug\Albumin_Measurement_Potentiostat.a(PWM_isr.o)
                0x00001e98                PWM_isr_WritePeriod
 .text.PWM_isr_WriteCompare
                0x00001ea4        0xc .\CortexM3\ARM_GCC_541\Debug\Albumin_Measurement_Potentiostat.a(PWM_isr.o)
                0x00001ea4                PWM_isr_WriteCompare
 .text.PWM_isr_SetInterruptMode
                0x00001eb0        0xc .\CortexM3\ARM_GCC_541\Debug\Albumin_Measurement_Potentiostat.a(PWM_isr.o)
                0x00001eb0                PWM_isr_SetInterruptMode
 .text.PWM_isr_ReadStatusRegister
                0x00001ebc        0xc .\CortexM3\ARM_GCC_541\Debug\Albumin_Measurement_Potentiostat.a(PWM_isr.o)
                0x00001ebc                PWM_isr_ReadStatusRegister
 .text.PWM_isr_ReadControlRegister
                0x00001ec8        0xc .\CortexM3\ARM_GCC_541\Debug\Albumin_Measurement_Potentiostat.a(PWM_isr.o)
                0x00001ec8                PWM_isr_ReadControlRegister
 .text.PWM_isr_ReadCapture
                0x00001ed4        0xc .\CortexM3\ARM_GCC_541\Debug\Albumin_Measurement_Potentiostat.a(PWM_isr.o)
                0x00001ed4                PWM_isr_ReadCapture
 .text.PWM_isr_ClearFIFO
                0x00001ee0       0x14 .\CortexM3\ARM_GCC_541\Debug\Albumin_Measurement_Potentiostat.a(PWM_isr.o)
                0x00001ee0                PWM_isr_ClearFIFO
 .text.PWM_isr_Init
                0x00001ef4       0x60 .\CortexM3\ARM_GCC_541\Debug\Albumin_Measurement_Potentiostat.a(PWM_isr.o)
                0x00001ef4                PWM_isr_Init
 .text.PWM_isr_Start
                0x00001f54       0x1c .\CortexM3\ARM_GCC_541\Debug\Albumin_Measurement_Potentiostat.a(PWM_isr.o)
                0x00001f54                PWM_isr_Start
 .text.PWM_isr_ReadPeriod
                0x00001f70        0xc .\CortexM3\ARM_GCC_541\Debug\Albumin_Measurement_Potentiostat.a(PWM_isr.o)
                0x00001f70                PWM_isr_ReadPeriod
 .text.PWM_isr_SaveConfig
                0x00001f7c       0x28 .\CortexM3\ARM_GCC_541\Debug\Albumin_Measurement_Potentiostat.a(PWM_isr_PM.o)
                0x00001f7c                PWM_isr_SaveConfig
 .text.PWM_isr_Sleep
                0x00001fa4       0x2c .\CortexM3\ARM_GCC_541\Debug\Albumin_Measurement_Potentiostat.a(PWM_isr_PM.o)
                0x00001fa4                PWM_isr_Sleep
 .text.isr_Crono_SetVector
                0x00001fd0        0xc .\CortexM3\ARM_GCC_541\Debug\Albumin_Measurement_Potentiostat.a(isr_Crono.o)
                0x00001fd0                isr_Crono_SetVector
 .text.isr_Crono_SetPriority
                0x00001fdc       0x10 .\CortexM3\ARM_GCC_541\Debug\Albumin_Measurement_Potentiostat.a(isr_Crono.o)
                0x00001fdc                isr_Crono_SetPriority
 .text.isr_Crono_Enable
                0x00001fec        0xc .\CortexM3\ARM_GCC_541\Debug\Albumin_Measurement_Potentiostat.a(isr_Crono.o)
                0x00001fec                isr_Crono_Enable
 .text.isr_Crono_Disable
                0x00001ff8        0xc .\CortexM3\ARM_GCC_541\Debug\Albumin_Measurement_Potentiostat.a(isr_Crono.o)
                0x00001ff8                isr_Crono_Disable
 .text.isr_Crono_StartEx
                0x00002004       0x1c .\CortexM3\ARM_GCC_541\Debug\Albumin_Measurement_Potentiostat.a(isr_Crono.o)
                0x00002004                isr_Crono_StartEx
 .text.isr_CV_SetVector
                0x00002020        0xc .\CortexM3\ARM_GCC_541\Debug\Albumin_Measurement_Potentiostat.a(isr_CV.o)
                0x00002020                isr_CV_SetVector
 .text.isr_CV_SetPriority
                0x0000202c       0x10 .\CortexM3\ARM_GCC_541\Debug\Albumin_Measurement_Potentiostat.a(isr_CV.o)
                0x0000202c                isr_CV_SetPriority
 .text.isr_CV_Enable
                0x0000203c        0xc .\CortexM3\ARM_GCC_541\Debug\Albumin_Measurement_Potentiostat.a(isr_CV.o)
                0x0000203c                isr_CV_Enable
 .text.isr_CV_Disable
                0x00002048        0xc .\CortexM3\ARM_GCC_541\Debug\Albumin_Measurement_Potentiostat.a(isr_CV.o)
                0x00002048                isr_CV_Disable
 .text.isr_CV_StartEx
                0x00002054       0x1c .\CortexM3\ARM_GCC_541\Debug\Albumin_Measurement_Potentiostat.a(isr_CV.o)
                0x00002054                isr_CV_StartEx
 .text.VDAC_VG_Enable
                0x00002070       0x1c .\CortexM3\ARM_GCC_541\Debug\Albumin_Measurement_Potentiostat.a(VDAC_VG.o)
                0x00002070                VDAC_VG_Enable
 .text.VDAC_VG_SetSpeed
                0x0000208c       0x1c .\CortexM3\ARM_GCC_541\Debug\Albumin_Measurement_Potentiostat.a(VDAC_VG.o)
                0x0000208c                VDAC_VG_SetSpeed
 .text.VDAC_VG_SetValue
                0x000020a8        0xc .\CortexM3\ARM_GCC_541\Debug\Albumin_Measurement_Potentiostat.a(VDAC_VG.o)
                0x000020a8                VDAC_VG_SetValue
 .text.VDAC_VG_DacTrim
                0x000020b4       0x24 .\CortexM3\ARM_GCC_541\Debug\Albumin_Measurement_Potentiostat.a(VDAC_VG.o)
                0x000020b4                VDAC_VG_DacTrim
 .text.VDAC_VG_SetRange
                0x000020d8       0x20 .\CortexM3\ARM_GCC_541\Debug\Albumin_Measurement_Potentiostat.a(VDAC_VG.o)
                0x000020d8                VDAC_VG_SetRange
 .text.VDAC_VG_Init
                0x000020f8       0x20 .\CortexM3\ARM_GCC_541\Debug\Albumin_Measurement_Potentiostat.a(VDAC_VG.o)
                0x000020f8                VDAC_VG_Init
 .text.VDAC_VG_Start
                0x00002118       0x24 .\CortexM3\ARM_GCC_541\Debug\Albumin_Measurement_Potentiostat.a(VDAC_VG.o)
                0x00002118                VDAC_VG_Start
 .text.AMux_Cur_Start
                0x0000213c       0x20 .\CortexM3\ARM_GCC_541\Debug\Albumin_Measurement_Potentiostat.a(AMux_Cur.o)
                0x0000213c                AMux_Cur_Start
 .text.AMux_Cur_Select
                0x0000215c       0x18 .\CortexM3\ARM_GCC_541\Debug\Albumin_Measurement_Potentiostat.a(AMux_Cur.o)
                0x0000215c                AMux_Cur_Select
 .text.DVDAC_SetV_InitDma
                0x00002174       0x4c .\CortexM3\ARM_GCC_541\Debug\Albumin_Measurement_Potentiostat.a(DVDAC_SetV.o)
 .text.DVDAC_SetV_Init
                0x000021c0       0x18 .\CortexM3\ARM_GCC_541\Debug\Albumin_Measurement_Potentiostat.a(DVDAC_SetV.o)
                0x000021c0                DVDAC_SetV_Init
 .text.DVDAC_SetV_Enable
                0x000021d8       0x1c .\CortexM3\ARM_GCC_541\Debug\Albumin_Measurement_Potentiostat.a(DVDAC_SetV.o)
                0x000021d8                DVDAC_SetV_Enable
 .text.DVDAC_SetV_Start
                0x000021f4       0x1c .\CortexM3\ARM_GCC_541\Debug\Albumin_Measurement_Potentiostat.a(DVDAC_SetV.o)
                0x000021f4                DVDAC_SetV_Start
 .text.DVDAC_SetV_Stop
                0x00002210       0x18 .\CortexM3\ARM_GCC_541\Debug\Albumin_Measurement_Potentiostat.a(DVDAC_SetV.o)
                0x00002210                DVDAC_SetV_Stop
 .text.DVDAC_SetV_SetValue
                0x00002228       0x5c .\CortexM3\ARM_GCC_541\Debug\Albumin_Measurement_Potentiostat.a(DVDAC_SetV.o)
                0x00002228                DVDAC_SetV_SetValue
 .text.DVDAC_SetV_SaveConfig
                0x00002284        0x8 .\CortexM3\ARM_GCC_541\Debug\Albumin_Measurement_Potentiostat.a(DVDAC_SetV_PM.o)
                0x00002284                DVDAC_SetV_SaveConfig
 .text.DVDAC_SetV_Sleep
                0x0000228c       0x2c .\CortexM3\ARM_GCC_541\Debug\Albumin_Measurement_Potentiostat.a(DVDAC_SetV_PM.o)
                0x0000228c                DVDAC_SetV_Sleep
 .text.AMux_Electrodes_Start
                0x000022b8       0x20 .\CortexM3\ARM_GCC_541\Debug\Albumin_Measurement_Potentiostat.a(AMux_Electrodes.o)
                0x000022b8                AMux_Electrodes_Start
 .text.AMux_Electrodes_Select
                0x000022d8       0x18 .\CortexM3\ARM_GCC_541\Debug\Albumin_Measurement_Potentiostat.a(AMux_Electrodes.o)
                0x000022d8                AMux_Electrodes_Select
 .text.DVDAC_SetV_DMA_DmaInitialize
                0x000022f0       0x3c .\CortexM3\ARM_GCC_541\Debug\Albumin_Measurement_Potentiostat.a(DVDAC_SetV_DMA_dma.o)
                0x000022f0                DVDAC_SetV_DMA_DmaInitialize
 .text.DVDAC_SetV_VDAC8_Enable
                0x0000232c       0x1c .\CortexM3\ARM_GCC_541\Debug\Albumin_Measurement_Potentiostat.a(DVDAC_SetV_VDAC8.o)
                0x0000232c                DVDAC_SetV_VDAC8_Enable
 .text.DVDAC_SetV_VDAC8_Stop
                0x00002348       0x1c .\CortexM3\ARM_GCC_541\Debug\Albumin_Measurement_Potentiostat.a(DVDAC_SetV_VDAC8.o)
                0x00002348                DVDAC_SetV_VDAC8_Stop
 .text.DVDAC_SetV_VDAC8_SetSpeed
                0x00002364       0x1c .\CortexM3\ARM_GCC_541\Debug\Albumin_Measurement_Potentiostat.a(DVDAC_SetV_VDAC8.o)
                0x00002364                DVDAC_SetV_VDAC8_SetSpeed
 .text.DVDAC_SetV_VDAC8_DacTrim
                0x00002380       0x24 .\CortexM3\ARM_GCC_541\Debug\Albumin_Measurement_Potentiostat.a(DVDAC_SetV_VDAC8.o)
                0x00002380                DVDAC_SetV_VDAC8_DacTrim
 .text.DVDAC_SetV_VDAC8_SetRange
                0x000023a4       0x20 .\CortexM3\ARM_GCC_541\Debug\Albumin_Measurement_Potentiostat.a(DVDAC_SetV_VDAC8.o)
                0x000023a4                DVDAC_SetV_VDAC8_SetRange
 .text.DVDAC_SetV_VDAC8_Init
                0x000023c4       0x2c .\CortexM3\ARM_GCC_541\Debug\Albumin_Measurement_Potentiostat.a(DVDAC_SetV_VDAC8.o)
                0x000023c4                DVDAC_SetV_VDAC8_Init
 .text.DVDAC_SetV_VDAC8_SaveConfig
                0x000023f0       0x20 .\CortexM3\ARM_GCC_541\Debug\Albumin_Measurement_Potentiostat.a(DVDAC_SetV_VDAC8_PM.o)
                0x000023f0                DVDAC_SetV_VDAC8_SaveConfig
 .text.DVDAC_SetV_IntClock_Start
                0x00002410       0x1c .\CortexM3\ARM_GCC_541\Debug\Albumin_Measurement_Potentiostat.a(DVDAC_SetV_IntClock.o)
                0x00002410                DVDAC_SetV_IntClock_Start
 .text.DVDAC_SetV_IntClock_Stop
                0x0000242c       0x1c .\CortexM3\ARM_GCC_541\Debug\Albumin_Measurement_Potentiostat.a(DVDAC_SetV_IntClock.o)
                0x0000242c                DVDAC_SetV_IntClock_Stop
 .text          0x00002448       0x20 .\CortexM3\ARM_GCC_541\Debug\Albumin_Measurement_Potentiostat.a(CyBootAsmGnu.o)
                0x00002448                CyDelayCycles
                0x00002458                CyEnterCriticalSection
                0x00002460                CyExitCriticalSection
 .text          0x00002468      0x370 c:/program files (x86)/cypress/psoc creator/4.4/psoc creator/import/gnu/arm/5.4.1/bin/../lib/gcc/arm-none-eabi/5.4.1/armv7-m\libgcc.a(_arm_addsubdf3.o)
                0x00002468                __aeabi_drsub
                0x00002470                __aeabi_dsub
                0x00002470                __subdf3
                0x00002474                __aeabi_dadd
                0x00002474                __adddf3
                0x000026ec                __floatunsidf
                0x000026ec                __aeabi_ui2d
                0x0000270c                __floatsidf
                0x0000270c                __aeabi_i2d
                0x00002730                __aeabi_f2d
                0x00002730                __extendsfdf2
                0x0000276c                __floatundidf
                0x0000276c                __aeabi_ul2d
                0x0000277c                __floatdidf
                0x0000277c                __aeabi_l2d
 .text          0x000027d8      0x424 c:/program files (x86)/cypress/psoc creator/4.4/psoc creator/import/gnu/arm/5.4.1/bin/../lib/gcc/arm-none-eabi/5.4.1/armv7-m\libgcc.a(_arm_muldivdf3.o)
                0x000027d8                __aeabi_dmul
                0x000027d8                __muldf3
                0x00002a2c                __divdf3
                0x00002a2c                __aeabi_ddiv
 .text          0x00002bfc       0xa0 c:/program files (x86)/cypress/psoc creator/4.4/psoc creator/import/gnu/arm/5.4.1/bin/../lib/gcc/arm-none-eabi/5.4.1/armv7-m\libgcc.a(_arm_truncdfsf2.o)
                0x00002bfc                __truncdfsf2
                0x00002bfc                __aeabi_d2f
 .text          0x00002c9c      0x21c c:/program files (x86)/cypress/psoc creator/4.4/psoc creator/import/gnu/arm/5.4.1/bin/../lib/gcc/arm-none-eabi/5.4.1/armv7-m\libgcc.a(_arm_addsubsf3.o)
                0x00002c9c                __aeabi_frsub
                0x00002ca4                __subsf3
                0x00002ca4                __aeabi_fsub
                0x00002ca8                __aeabi_fadd
                0x00002ca8                __addsf3
                0x00002e08                __aeabi_ui2f
                0x00002e08                __floatunsisf
                0x00002e10                __aeabi_i2f
                0x00002e10                __floatsisf
                0x00002e2c                __aeabi_ul2f
                0x00002e2c                __floatundisf
                0x00002e3c                __aeabi_l2f
                0x00002e3c                __floatdisf
 .text          0x00002eb8      0x2a0 c:/program files (x86)/cypress/psoc creator/4.4/psoc creator/import/gnu/arm/5.4.1/bin/../lib/gcc/arm-none-eabi/5.4.1/armv7-m\libgcc.a(_arm_muldivsf3.o)
                0x00002eb8                __mulsf3
                0x00002eb8                __aeabi_fmul
                0x00003020                __aeabi_fdiv
                0x00003020                __divsf3
 .text          0x00003158       0x4c c:/program files (x86)/cypress/psoc creator/4.4/psoc creator/import/gnu/arm/5.4.1/bin/../lib/gcc/arm-none-eabi/5.4.1/armv7-m\libgcc.a(_arm_fixsfsi.o)
                0x00003158                __aeabi_f2iz
                0x00003158                __fixsfsi
 .text.__errno  0x000031a4        0xc c:/program files (x86)/cypress/psoc creator/4.4/psoc creator/import/gnu/arm/5.4.1/bin/../lib/gcc/arm-none-eabi/5.4.1/../../../../arm-none-eabi/lib/armv7-m\libg_nano.a(lib_a-errno.o)
                0x000031a4                __errno
 .text.__libc_init_array
                0x000031b0       0x4c c:/program files (x86)/cypress/psoc creator/4.4/psoc creator/import/gnu/arm/5.4.1/bin/../lib/gcc/arm-none-eabi/5.4.1/../../../../arm-none-eabi/lib/armv7-m\libg_nano.a(lib_a-init.o)
                0x000031b0                __libc_init_array
 .text.memcpy   0x000031fc       0x16 c:/program files (x86)/cypress/psoc creator/4.4/psoc creator/import/gnu/arm/5.4.1/bin/../lib/gcc/arm-none-eabi/5.4.1/../../../../arm-none-eabi/lib/armv7-m\libg_nano.a(lib_a-memcpy-stub.o)
                0x000031fc                memcpy
 .text.memset   0x00003212       0x10 c:/program files (x86)/cypress/psoc creator/4.4/psoc creator/import/gnu/arm/5.4.1/bin/../lib/gcc/arm-none-eabi/5.4.1/../../../../arm-none-eabi/lib/armv7-m\libg_nano.a(lib_a-memset.o)
                0x00003212                memset
 *(.plt)
 *(.gnu.warning)
 *(.glue_7t)
 .glue_7t       0x00003222        0x0 linker stubs
 *(.glue_7)
 .glue_7        0x00003222        0x0 linker stubs
 *(.vfp11_veneer)
 .vfp11_veneer  0x00003222        0x0 linker stubs
 *(.bootloader)
 *(.ARM.extab* .gnu.linkonce.armextab.*)
 *(.gcc_except_table)

.v4_bx          0x00003224        0x0
 .v4_bx         0x00003224        0x0 linker stubs

.iplt           0x00003224        0x0
 .iplt          0x00003224        0x0 c:/program files (x86)/cypress/psoc creator/4.4/psoc creator/import/gnu/arm/5.4.1/bin/../lib/gcc/arm-none-eabi/5.4.1/armv7-m/crtbegin.o

.eh_frame_hdr
 *(.eh_frame_hdr)

.eh_frame       0x00003224        0x4
 *(.eh_frame)
 .eh_frame      0x00003224        0x0 c:/program files (x86)/cypress/psoc creator/4.4/psoc creator/import/gnu/arm/5.4.1/bin/../lib/gcc/arm-none-eabi/5.4.1/armv7-m/crtbegin.o
 .eh_frame      0x00003224        0x4 c:/program files (x86)/cypress/psoc creator/4.4/psoc creator/import/gnu/arm/5.4.1/bin/../lib/gcc/arm-none-eabi/5.4.1/armv7-m/crtend.o
                [!provide]                PROVIDE (__exidx_start, .)

.ARM.exidx
 *(.ARM.exidx* .gnu.linkonce.armexidx.*)
                0x00003228                __exidx_end = .

.rodata         0x00003228       0xd8
 *(.rodata .rodata.* .gnu.linkonce.r.*)
 .rodata        0x00003228       0x3a .\CortexM3\ARM_GCC_541\Debug\Calibration.o
 *fill*         0x00003262        0x2 
 .rodata        0x00003264       0x60 .\CortexM3\ARM_GCC_541\Debug\cyfitter_cfg.o
                0x00003274                AMux_Electrodes__addrTable
                0x0000327c                AMux_Electrodes__maskTable
 .rodata.str1.1
                0x000032c4        0x2 c:/program files (x86)/cypress/psoc creator/4.4/psoc creator/import/gnu/arm/5.4.1/bin/../lib/gcc/arm-none-eabi/5.4.1/../../../../arm-none-eabi/lib/armv7-m\libg_nano.a(lib_a-impure.o)
                0x000032c8                . = ALIGN (0x4)
 *fill*         0x000032c6        0x2 
 *(.init)
 .init          0x000032c8        0x4 c:/program files (x86)/cypress/psoc creator/4.4/psoc creator/import/gnu/arm/5.4.1/bin/../lib/gcc/arm-none-eabi/5.4.1/armv7-m/crti.o
                0x000032c8                _init
 .init          0x000032cc        0x8 c:/program files (x86)/cypress/psoc creator/4.4/psoc creator/import/gnu/arm/5.4.1/bin/../lib/gcc/arm-none-eabi/5.4.1/armv7-m/crtn.o
                0x000032d4                . = ALIGN (0x4)
                0x000032d4                __preinit_array_start = .
 *(.preinit_array)
                0x000032d4                __preinit_array_end = .
                0x000032d4                . = ALIGN (0x4)
                0x000032d4                __init_array_start = .
 *(SORT(.init_array.*))
 *(.init_array)
 .init_array    0x000032d4        0x4 c:/program files (x86)/cypress/psoc creator/4.4/psoc creator/import/gnu/arm/5.4.1/bin/../lib/gcc/arm-none-eabi/5.4.1/armv7-m/crtbegin.o
 .init_array    0x000032d8        0x4 .\CortexM3\ARM_GCC_541\Debug\Cm3Start.o
                0x000032dc                __init_array_end = .
                0x000032dc                . = ALIGN (0x4)
 *(.fini)
 .fini          0x000032dc        0x4 c:/program files (x86)/cypress/psoc creator/4.4/psoc creator/import/gnu/arm/5.4.1/bin/../lib/gcc/arm-none-eabi/5.4.1/armv7-m/crti.o
                0x000032dc                _fini
 .fini          0x000032e0        0x8 c:/program files (x86)/cypress/psoc creator/4.4/psoc creator/import/gnu/arm/5.4.1/bin/../lib/gcc/arm-none-eabi/5.4.1/armv7-m/crtn.o
                0x000032e8                . = ALIGN (0x4)
                0x000032e8                __fini_array_start = .
 *(.fini_array)
 .fini_array    0x000032e8        0x4 c:/program files (x86)/cypress/psoc creator/4.4/psoc creator/import/gnu/arm/5.4.1/bin/../lib/gcc/arm-none-eabi/5.4.1/armv7-m/crtbegin.o
 *(SORT(.fini_array.*))
                0x000032ec                __fini_array_end = .
                0x000032ec                . = ALIGN (0x4)
 *crtbegin.o(.ctors)
 *(EXCLUDE_FILE(*crtend.o) .ctors)
 *(SORT(.ctors.*))
 *crtend.o(.ctors)
                0x000032ec                . = ALIGN (0x4)
 *crtbegin.o(.dtors)
 *(EXCLUDE_FILE(*crtend.o) .dtors)
 *(SORT(.dtors.*))
 *crtend.o(.dtors)
                0x000032ec                . = ALIGN (0x4)
                0x000032ec                __cy_regions = .
                0x000032ec        0x4 LONG 0x3300 __cy_region_init_ram
                0x000032f0        0x4 LONG 0x1fff80c8 __cy_region_start_data
                0x000032f4        0x4 LONG 0xb0 __cy_region_init_size_ram
                0x000032f8        0x4 LONG 0x2b40 __cy_region_zero_size_ram
                0x000032fc                __cy_regions_end = .
                0x00003300                . = ALIGN (0x8)
 *fill*         0x000032fc        0x4 
                0x00003300                _etext = .

.cy_checksum_exclude
                0x00003300        0x0
 *(.cy_checksum_exclude)

.ramvectors     0x1fff8000       0xc0
                0x1fff8000                __cy_region_start_ram = .
 *(.ramvectors)
 .ramvectors    0x1fff8000       0xc0 .\CortexM3\ARM_GCC_541\Debug\Cm3Start.o
                0x1fff8000                CyRamVectors

.noinit         0x1fff80c0        0x1
 *(.noinit)
 .noinit        0x1fff80c0        0x1 .\CortexM3\ARM_GCC_541\Debug\Albumin_Measurement_Potentiostat.a(CyLib.o)
                0x1fff80c0                CyResetStatus

.data           0x1fff80c8       0xb0 load address 0x00003300
                0x1fff80c8                __cy_region_start_data = .
 *(.jcr)
 .jcr           0x1fff80c8        0x0 c:/program files (x86)/cypress/psoc creator/4.4/psoc creator/import/gnu/arm/5.4.1/bin/../lib/gcc/arm-none-eabi/5.4.1/armv7-m/crtbegin.o
 .jcr           0x1fff80c8        0x4 c:/program files (x86)/cypress/psoc creator/4.4/psoc creator/import/gnu/arm/5.4.1/bin/../lib/gcc/arm-none-eabi/5.4.1/armv7-m/crtend.o
 *(.got.plt)
 *(.got)
 *(.shdata)
 *(.data .data.* .gnu.linkonce.d.*)
 .data          0x1fff80cc        0x2 .\CortexM3\ARM_GCC_541\Debug\Rx_Hn.o
                0x1fff80cc                Flag_CV
                0x1fff80cd                Flag_Two_Period
 *fill*         0x1fff80ce        0x2 
 .data          0x1fff80d0        0x8 .\CortexM3\ARM_GCC_541\Debug\MinMax.o
                0x1fff80d0                max
                0x1fff80d4                min
 .data          0x1fff80d8        0x1 .\CortexM3\ARM_GCC_541\Debug\Albumin_Measurement_Potentiostat.a(ADC_DelSig.o)
                0x1fff80d8                ADC_DelSig_Config
 *fill*         0x1fff80d9        0x3 
 .data          0x1fff80dc        0x8 .\CortexM3\ARM_GCC_541\Debug\Albumin_Measurement_Potentiostat.a(CyDmac.o)
 .data          0x1fff80e4       0x10 .\CortexM3\ARM_GCC_541\Debug\Albumin_Measurement_Potentiostat.a(CyLib.o)
                0x1fff80e4                cydelay_32k_ms
                0x1fff80e8                cydelay_freq_khz
                0x1fff80ec                cydelay_freq_mhz
                0x1fff80f0                cydelay_freq_hz
 .data          0x1fff80f4        0x1 .\CortexM3\ARM_GCC_541\Debug\Albumin_Measurement_Potentiostat.a(AMux_Cur.o)
 *fill*         0x1fff80f5        0x3 
 .data          0x1fff80f8       0x14 .\CortexM3\ARM_GCC_541\Debug\Albumin_Measurement_Potentiostat.a(DVDAC_SetV.o)
 .data          0x1fff810c        0x1 .\CortexM3\ARM_GCC_541\Debug\Albumin_Measurement_Potentiostat.a(AMux_Electrodes.o)
 .data          0x1fff810d        0x1 .\CortexM3\ARM_GCC_541\Debug\Albumin_Measurement_Potentiostat.a(DVDAC_SetV_DMA_dma.o)
                0x1fff810d                DVDAC_SetV_DMA_DmaHandle
 *fill*         0x1fff810e        0x2 
 .data.impure_data
                0x1fff8110       0x60 c:/program files (x86)/cypress/psoc creator/4.4/psoc creator/import/gnu/arm/5.4.1/bin/../lib/gcc/arm-none-eabi/5.4.1/../../../../arm-none-eabi/lib/armv7-m\libg_nano.a(lib_a-impure.o)
 .data._impure_ptr
                0x1fff8170        0x4 c:/program files (x86)/cypress/psoc creator/4.4/psoc creator/import/gnu/arm/5.4.1/bin/../lib/gcc/arm-none-eabi/5.4.1/../../../../arm-none-eabi/lib/armv7-m\libg_nano.a(lib_a-impure.o)
                0x1fff8170                _impure_ptr
                0x1fff8178                . = ALIGN (0x8)
 *fill*         0x1fff8174        0x4 
 *(.ram)
                0x1fff8178                _edata = .

.igot.plt       0x1fff8178        0x0 load address 0x000033b0
 .igot.plt      0x1fff8178        0x0 c:/program files (x86)/cypress/psoc creator/4.4/psoc creator/import/gnu/arm/5.4.1/bin/../lib/gcc/arm-none-eabi/5.4.1/armv7-m/crtbegin.o

.bss            0x1fff8178     0x2b40 load address 0x000033b0
                0x1fff8178                PROVIDE (__bss_start__, .)
 *(.shbss)
 *(.bss .bss.* .gnu.linkonce.b.*)
 .bss           0x1fff8178       0x1c c:/program files (x86)/cypress/psoc creator/4.4/psoc creator/import/gnu/arm/5.4.1/bin/../lib/gcc/arm-none-eabi/5.4.1/armv7-m/crtbegin.o
 .bss           0x1fff8194       0x26 .\CortexM3\ARM_GCC_541\Debug\main.o
                0x1fff8194                Index_Array
                0x1fff8198                val_mv_crono
                0x1fff819c                val_cur_crono
                0x1fff81a0                a_coeff
                0x1fff81a4                b_coeff
                0x1fff81a8                Offset_Crono
                0x1fff81ac                d1
                0x1fff81ae                d2
                0x1fff81b0                k
                0x1fff81b4                Offset
                0x1fff81b8                j
 *fill*         0x1fff81ba        0x6 
 .bss           0x1fff81c0       0x20 .\CortexM3\ARM_GCC_541\Debug\Calibration.o
                0x1fff81c0                c_index
                0x1fff81c4                x_sum
                0x1fff81c8                y_sum
                0x1fff81d0                x2_sum
                0x1fff81d8                x_y_sum
                0x1fff81dc                den
 .bss           0x1fff81e0        0x1 .\CortexM3\ARM_GCC_541\Debug\InterruptUART.o
                0x1fff81e0                Flag_Hn
 *fill*         0x1fff81e1        0x1 
 .bss           0x1fff81e2       0x12 .\CortexM3\ARM_GCC_541\Debug\Rx_Hn.o
                0x1fff81e2                data_received
                0x1fff81e3                state
                0x1fff81e4                StartCalibration
                0x1fff81e5                Stop
                0x1fff81e6                Flag_Crono
                0x1fff81e7                Flag_Programmed
                0x1fff81e8                Flag_Hundred
                0x1fff81e9                Flag_Fifty
                0x1fff81ea                Flag_DataOK
                0x1fff81eb                Flag_SetV
                0x1fff81ec                Flag_DataCrono
                0x1fff81ee                Period_Value
                0x1fff81f0                Flag_One_Period
                0x1fff81f2                DataValue
 .bss           0x1fff81f4        0x7 .\CortexM3\ARM_GCC_541\Debug\VoltageControl.o
                0x1fff81f4                value
                0x1fff81f6                Value_mV
                0x1fff81f8                Flag_Measure
                0x1fff81f9                Flag_Limit
                0x1fff81fa                Flag_Period
 *fill*         0x1fff81fb        0x1 
 .bss           0x1fff81fc        0x4 .\CortexM3\ARM_GCC_541\Debug\Crono_Measurement.o
                0x1fff81fc                Flag_Crono_M
                0x1fff81fe                Flag_contasec
 .bss           0x1fff8200       0x10 .\CortexM3\ARM_GCC_541\Debug\MinMax.o
                0x1fff8200                max_old
                0x1fff8204                peak_Ox
                0x1fff8206                mV_index_Ox
                0x1fff8208                min_old
                0x1fff820c                peak_Red
                0x1fff820e                mV_index_Red
 .bss           0x1fff8210        0x5 .\CortexM3\ARM_GCC_541\Debug\cyfitter_cfg.o
 .bss           0x1fff8215        0x1 .\CortexM3\ARM_GCC_541\Debug\Albumin_Measurement_Potentiostat.a(TIA.o)
                0x1fff8215                TIA_initVar
 *fill*         0x1fff8216        0x2 
 .bss           0x1fff8218        0xc .\CortexM3\ARM_GCC_541\Debug\Albumin_Measurement_Potentiostat.a(ADC_DelSig.o)
                0x1fff821c                ADC_DelSig_stopConversion
                0x1fff821d                ADC_DelSig_convDone
                0x1fff821e                ADC_DelSig_initVar
                0x1fff821f                ADC_DelSig_started
                0x1fff8220                ADC_DelSig_Offset
 .bss           0x1fff8224        0x1 .\CortexM3\ARM_GCC_541\Debug\Albumin_Measurement_Potentiostat.a(IDAC_Calibration.o)
                0x1fff8224                IDAC_Calibration_initVar
 .bss           0x1fff8225        0x1 .\CortexM3\ARM_GCC_541\Debug\Albumin_Measurement_Potentiostat.a(Opamp.o)
                0x1fff8225                Opamp_initVar
 .bss           0x1fff8226        0x2 .\CortexM3\ARM_GCC_541\Debug\Albumin_Measurement_Potentiostat.a(UART.o)
                0x1fff8226                UART_initVar
 .bss           0x1fff8228        0x1 .\CortexM3\ARM_GCC_541\Debug\Albumin_Measurement_Potentiostat.a(PWM_isr.o)
                0x1fff8228                PWM_isr_initVar
 *fill*         0x1fff8229        0x3 
 .bss           0x1fff822c        0x8 .\CortexM3\ARM_GCC_541\Debug\Albumin_Measurement_Potentiostat.a(PWM_isr_PM.o)
 .bss           0x1fff8234        0x1 .\CortexM3\ARM_GCC_541\Debug\Albumin_Measurement_Potentiostat.a(VDAC_VG.o)
                0x1fff8234                VDAC_VG_initVar
 .bss           0x1fff8235        0x2 .\CortexM3\ARM_GCC_541\Debug\Albumin_Measurement_Potentiostat.a(DVDAC_SetV.o)
                0x1fff8236                DVDAC_SetV_initVar
 *fill*         0x1fff8237        0x1 
 .bss           0x1fff8238        0x1 .\CortexM3\ARM_GCC_541\Debug\Albumin_Measurement_Potentiostat.a(DVDAC_SetV_PM.o)
 *fill*         0x1fff8239        0x3 
 .bss           0x1fff823c        0x2 .\CortexM3\ARM_GCC_541\Debug\Albumin_Measurement_Potentiostat.a(DVDAC_SetV_VDAC8_PM.o)
 *(COMMON)
 *fill*         0x1fff823e        0x2 
 COMMON         0x1fff8240     0x2a11 .\CortexM3\ARM_GCC_541\Debug\main.o
                0x1fff8240                Pos_Pot
                0x1fff8244                max_Ox
                0x1fff8248                BufferDataSend
                0x1fffabf0                Pot_Range
                0x1fffabf4                DataBuffer
                0x1fffabf8                DataBuffer6
                0x1fffac38                Received_Ar
                0x1fffac3c                min_Red
                0x1fffac40                Neg_Pot
                0x1fffac44                I_Ox
                0x1fffac48                Crono_Pot
                0x1fffac4c                I_Red
                0x1fffac50                Start_Measure
 *fill*         0x1fffac51        0x3 
 COMMON         0x1fffac54       0x54 .\CortexM3\ARM_GCC_541\Debug\Calibration.o
                0x1fffac54                Output_Calib_Array
                0x1fffaca0                value_mv_calib
                0x1fffaca4                value_digit_calib
 COMMON         0x1fffaca8        0x8 .\CortexM3\ARM_GCC_541\Debug\InterruptRoutines.o
                0x1fffaca8                value_digit
                0x1fffacac                value_mv
 COMMON         0x1fffacb0        0x4 .\CortexM3\ARM_GCC_541\Debug\Rx_Hn.o
                0x1fffacb0                buffer
 COMMON         0x1fffacb4        0x4 .\CortexM3\ARM_GCC_541\Debug\Albumin_Measurement_Potentiostat.a(ADC_DelSig.o)
                0x1fffacb4                ADC_DelSig_CountsPerVolt
                0x1fffacb8                . = ALIGN (0x8)
 *(.ram.b)
                0x1fffacb8                _end = .
                0x1fffacb8                __end = .
                0x1fffacb8                PROVIDE (end, .)
                0x1fffacb8                PROVIDE (__bss_end__, .)
                0x00003300                __cy_region_init_ram = LOADADDR (.data)
                0x000000b0                __cy_region_init_size_ram = (_edata - ADDR (.data))
                0x00002b40                __cy_region_zero_size_ram = (_end - _edata)

.heap           0x1fffacb8       0x80 load address 0x000033b0
                0x1fffacb8                . = _end
                0x1fffad38                . = (. + 0x80)
 *fill*         0x1fffacb8       0x80 
                0x1fffad38                __cy_heap_limit = .

.stack          0x20007800      0x800
                0x20007800                __cy_stack_limit = .
                0x20008000                . = (. + 0x800)
 *fill*         0x20007800      0x800 
                0x00000001                ASSERT ((__cy_stack_limit >= __cy_heap_limit), region RAM overflowed with stack)
                0x00000000                cy_checksum_exclude_size = (CY_APPL_LOADABLE == 0x1)?SIZEOF (.cy_checksum_exclude):0x0
                0x00000001                ASSERT ((cy_checksum_exclude_size <= CY_CHECKSUM_EXCLUDE_SIZE), CY_BOOT: Section .cy_checksum_exclude size exceedes specified limit.)

.cyloadermeta
 *(.cyloadermeta)

.cyloadablemeta
 *(.cyloadablemeta)

.cyconfigecc    0x80000000      0x4e0
 *(.cyconfigecc)
 .cyconfigecc   0x80000000      0x4e0 .\CortexM3\ARM_GCC_541\Debug\cymetadata.o
                0x80000000                cy_meta_configecc

.cycustnvl      0x90000000        0x4
 *(.cycustnvl)
 .cycustnvl     0x90000000        0x4 .\CortexM3\ARM_GCC_541\Debug\cymetadata.o
                0x90000000                cy_meta_custnvl

.cywolatch      0x90100000        0x4
 *(.cywolatch)
 .cywolatch     0x90100000        0x4 .\CortexM3\ARM_GCC_541\Debug\cymetadata.o
                0x90100000                cy_meta_wonvl

.cyeeprom       0x90200000        0x0
 *(.cyeeprom)
                0x00000001                ASSERT ((. <= ((0x90200000 + ee_offset) + ee_size)), .cyeeprom data will not fit in EEPROM)

.cyflashprotect
                0x90400000      0x100
 *(.cyflashprotect)
 .cyflashprotect
                0x90400000      0x100 .\CortexM3\ARM_GCC_541\Debug\cymetadata.o
                0x90400000                cy_meta_flashprotect

.cymeta         0x90500000        0xc
 *(.cymeta)
 .cymeta        0x90500000        0xc .\CortexM3\ARM_GCC_541\Debug\cymetadata.o
                0x90500000                cy_metadata

.rel.dyn        0x000033b0        0x0 load address 0x9050000c
 .rel.iplt      0x000033b0        0x0 c:/program files (x86)/cypress/psoc creator/4.4/psoc creator/import/gnu/arm/5.4.1/bin/../lib/gcc/arm-none-eabi/5.4.1/armv7-m/crtbegin.o

.stab
 *(.stab)

.stabstr
 *(.stabstr)

.debug
 *(.debug)

.line
 *(.line)

.debug_srcinfo
 *(.debug_srcinfo)

.debug_sfnames
 *(.debug_sfnames)

.debug_aranges  0x00000000     0x1080
 *(.debug_aranges)
 .debug_aranges
                0x00000000       0x20 .\CortexM3\ARM_GCC_541\Debug\main.o
 .debug_aranges
                0x00000020       0x20 .\CortexM3\ARM_GCC_541\Debug\Calibration.o
 .debug_aranges
                0x00000040       0x20 .\CortexM3\ARM_GCC_541\Debug\InterruptRoutines.o
 .debug_aranges
                0x00000060       0x20 .\CortexM3\ARM_GCC_541\Debug\InterruptUART.o
 .debug_aranges
                0x00000080       0x20 .\CortexM3\ARM_GCC_541\Debug\Rx_Hn.o
 .debug_aranges
                0x000000a0       0x20 .\CortexM3\ARM_GCC_541\Debug\VoltageControl.o
 .debug_aranges
                0x000000c0       0x20 .\CortexM3\ARM_GCC_541\Debug\Crono_Measurement.o
 .debug_aranges
                0x000000e0       0x28 .\CortexM3\ARM_GCC_541\Debug\MinMax.o
 .debug_aranges
                0x00000108       0x20 .\CortexM3\ARM_GCC_541\Debug\R_TIA_Select.o
 .debug_aranges
                0x00000128       0x78 .\CortexM3\ARM_GCC_541\Debug\cyfitter_cfg.o
 .debug_aranges
                0x000001a0       0x18 .\CortexM3\ARM_GCC_541\Debug\cymetadata.o
 .debug_aranges
                0x000001b8       0x48 .\CortexM3\ARM_GCC_541\Debug\Cm3Start.o
 .debug_aranges
                0x00000200       0x50 .\CortexM3\ARM_GCC_541\Debug\Albumin_Measurement_Potentiostat.a(TIA.o)
 .debug_aranges
                0x00000250       0xe8 .\CortexM3\ARM_GCC_541\Debug\Albumin_Measurement_Potentiostat.a(ADC_DelSig.o)
 .debug_aranges
                0x00000338       0x38 .\CortexM3\ARM_GCC_541\Debug\Albumin_Measurement_Potentiostat.a(ADC_DelSig_INT.o)
 .debug_aranges
                0x00000370       0x60 .\CortexM3\ARM_GCC_541\Debug\Albumin_Measurement_Potentiostat.a(IDAC_Calibration.o)
 .debug_aranges
                0x000003d0       0x40 .\CortexM3\ARM_GCC_541\Debug\Albumin_Measurement_Potentiostat.a(Opamp.o)
 .debug_aranges
                0x00000410       0xf0 .\CortexM3\ARM_GCC_541\Debug\Albumin_Measurement_Potentiostat.a(UART.o)
 .debug_aranges
                0x00000500       0x80 .\CortexM3\ARM_GCC_541\Debug\Albumin_Measurement_Potentiostat.a(isr_RX.o)
 .debug_aranges
                0x00000580       0x38 .\CortexM3\ARM_GCC_541\Debug\Albumin_Measurement_Potentiostat.a(Pin_LED.o)
 .debug_aranges
                0x000005b8       0x70 .\CortexM3\ARM_GCC_541\Debug\Albumin_Measurement_Potentiostat.a(ADC_DelSig_Ext_CP_Clk.o)
 .debug_aranges
                0x00000628       0x80 .\CortexM3\ARM_GCC_541\Debug\Albumin_Measurement_Potentiostat.a(ADC_DelSig_theACLK.o)
 .debug_aranges
                0x000006a8       0x70 .\CortexM3\ARM_GCC_541\Debug\Albumin_Measurement_Potentiostat.a(UART_IntClock.o)
 .debug_aranges
                0x00000718       0xd8 .\CortexM3\ARM_GCC_541\Debug\Albumin_Measurement_Potentiostat.a(CyDmac.o)
 .debug_aranges
                0x000007f0      0x2a0 .\CortexM3\ARM_GCC_541\Debug\Albumin_Measurement_Potentiostat.a(CyLib.o)
 .debug_aranges
                0x00000a90       0x98 .\CortexM3\ARM_GCC_541\Debug\Albumin_Measurement_Potentiostat.a(cyPm.o)
 .debug_aranges
                0x00000b28       0x98 .\CortexM3\ARM_GCC_541\Debug\Albumin_Measurement_Potentiostat.a(PWM_isr.o)
 .debug_aranges
                0x00000bc0       0x38 .\CortexM3\ARM_GCC_541\Debug\Albumin_Measurement_Potentiostat.a(PWM_isr_PM.o)
 .debug_aranges
                0x00000bf8       0x80 .\CortexM3\ARM_GCC_541\Debug\Albumin_Measurement_Potentiostat.a(isr_Crono.o)
 .debug_aranges
                0x00000c78       0x80 .\CortexM3\ARM_GCC_541\Debug\Albumin_Measurement_Potentiostat.a(isr_CV.o)
 .debug_aranges
                0x00000cf8       0x58 .\CortexM3\ARM_GCC_541\Debug\Albumin_Measurement_Potentiostat.a(VDAC_VG.o)
 .debug_aranges
                0x00000d50       0x30 .\CortexM3\ARM_GCC_541\Debug\Albumin_Measurement_Potentiostat.a(AMux_Cur.o)
 .debug_aranges
                0x00000d80       0x48 .\CortexM3\ARM_GCC_541\Debug\Albumin_Measurement_Potentiostat.a(DVDAC_SetV.o)
 .debug_aranges
                0x00000dc8       0x38 .\CortexM3\ARM_GCC_541\Debug\Albumin_Measurement_Potentiostat.a(DVDAC_SetV_PM.o)
 .debug_aranges
                0x00000e00       0x30 .\CortexM3\ARM_GCC_541\Debug\Albumin_Measurement_Potentiostat.a(AMux_Electrodes.o)
 .debug_aranges
                0x00000e30       0x28 .\CortexM3\ARM_GCC_541\Debug\Albumin_Measurement_Potentiostat.a(DVDAC_SetV_DMA_dma.o)
 .debug_aranges
                0x00000e58       0x58 .\CortexM3\ARM_GCC_541\Debug\Albumin_Measurement_Potentiostat.a(DVDAC_SetV_VDAC8.o)
 .debug_aranges
                0x00000eb0       0x38 .\CortexM3\ARM_GCC_541\Debug\Albumin_Measurement_Potentiostat.a(DVDAC_SetV_VDAC8_PM.o)
 .debug_aranges
                0x00000ee8       0x70 .\CortexM3\ARM_GCC_541\Debug\Albumin_Measurement_Potentiostat.a(DVDAC_SetV_IntClock.o)
 .debug_aranges
                0x00000f58       0x20 .\CortexM3\ARM_GCC_541\Debug\Albumin_Measurement_Potentiostat.a(CyBootAsmGnu.o)
 .debug_aranges
                0x00000f78       0x88 .\CortexM3\ARM_GCC_541\Debug\Albumin_Measurement_Potentiostat.a(CyFlash.o)
 .debug_aranges
                0x00001000       0x80 .\CortexM3\ARM_GCC_541\Debug\Albumin_Measurement_Potentiostat.a(CySpc.o)

.debug_pubnames
 *(.debug_pubnames)

.debug_info     0x00000000     0x9fe6
 *(.debug_info .gnu.linkonce.wi.*)
 .debug_info    0x00000000      0x97b .\CortexM3\ARM_GCC_541\Debug\main.o
 .debug_info    0x0000097b      0x340 .\CortexM3\ARM_GCC_541\Debug\Calibration.o
 .debug_info    0x00000cbb      0x363 .\CortexM3\ARM_GCC_541\Debug\InterruptRoutines.o
 .debug_info    0x0000101e      0x1c6 .\CortexM3\ARM_GCC_541\Debug\InterruptUART.o
 .debug_info    0x000011e4      0x39b .\CortexM3\ARM_GCC_541\Debug\Rx_Hn.o
 .debug_info    0x0000157f      0x30b .\CortexM3\ARM_GCC_541\Debug\VoltageControl.o
 .debug_info    0x0000188a      0x32d .\CortexM3\ARM_GCC_541\Debug\Crono_Measurement.o
 .debug_info    0x00001bb7      0x2e0 .\CortexM3\ARM_GCC_541\Debug\MinMax.o
 .debug_info    0x00001e97      0x306 .\CortexM3\ARM_GCC_541\Debug\R_TIA_Select.o
 .debug_info    0x0000219d      0x829 .\CortexM3\ARM_GCC_541\Debug\cyfitter_cfg.o
 .debug_info    0x000029c6      0x136 .\CortexM3\ARM_GCC_541\Debug\cymetadata.o
 .debug_info    0x00002afc      0x3cf .\CortexM3\ARM_GCC_541\Debug\Cm3Start.o
 .debug_info    0x00002ecb      0x1d6 .\CortexM3\ARM_GCC_541\Debug\Albumin_Measurement_Potentiostat.a(TIA.o)
 .debug_info    0x000030a1      0x9f9 .\CortexM3\ARM_GCC_541\Debug\Albumin_Measurement_Potentiostat.a(ADC_DelSig.o)
 .debug_info    0x00003a9a       0xd3 .\CortexM3\ARM_GCC_541\Debug\Albumin_Measurement_Potentiostat.a(ADC_DelSig_INT.o)
 .debug_info    0x00003b6d      0x20a .\CortexM3\ARM_GCC_541\Debug\Albumin_Measurement_Potentiostat.a(IDAC_Calibration.o)
 .debug_info    0x00003d77      0x151 .\CortexM3\ARM_GCC_541\Debug\Albumin_Measurement_Potentiostat.a(Opamp.o)
 .debug_info    0x00003ec8      0x60c .\CortexM3\ARM_GCC_541\Debug\Albumin_Measurement_Potentiostat.a(UART.o)
 .debug_info    0x000044d4      0x2d2 .\CortexM3\ARM_GCC_541\Debug\Albumin_Measurement_Potentiostat.a(isr_RX.o)
 .debug_info    0x000047a6      0x11f .\CortexM3\ARM_GCC_541\Debug\Albumin_Measurement_Potentiostat.a(Pin_LED.o)
 .debug_info    0x000048c5      0x283 .\CortexM3\ARM_GCC_541\Debug\Albumin_Measurement_Potentiostat.a(ADC_DelSig_Ext_CP_Clk.o)
 .debug_info    0x00004b48      0x2c4 .\CortexM3\ARM_GCC_541\Debug\Albumin_Measurement_Potentiostat.a(ADC_DelSig_theACLK.o)
 .debug_info    0x00004e0c      0x283 .\CortexM3\ARM_GCC_541\Debug\Albumin_Measurement_Potentiostat.a(UART_IntClock.o)
 .debug_info    0x0000508f      0x94e .\CortexM3\ARM_GCC_541\Debug\Albumin_Measurement_Potentiostat.a(CyDmac.o)
 .debug_info    0x000059dd     0x1374 .\CortexM3\ARM_GCC_541\Debug\Albumin_Measurement_Potentiostat.a(CyLib.o)
 .debug_info    0x00006d51      0xa2a .\CortexM3\ARM_GCC_541\Debug\Albumin_Measurement_Potentiostat.a(cyPm.o)
 .debug_info    0x0000777b      0x352 .\CortexM3\ARM_GCC_541\Debug\Albumin_Measurement_Potentiostat.a(PWM_isr.o)
 .debug_info    0x00007acd      0x223 .\CortexM3\ARM_GCC_541\Debug\Albumin_Measurement_Potentiostat.a(PWM_isr_PM.o)
 .debug_info    0x00007cf0      0x2d2 .\CortexM3\ARM_GCC_541\Debug\Albumin_Measurement_Potentiostat.a(isr_Crono.o)
 .debug_info    0x00007fc2      0x2d2 .\CortexM3\ARM_GCC_541\Debug\Albumin_Measurement_Potentiostat.a(isr_CV.o)
 .debug_info    0x00008294      0x1df .\CortexM3\ARM_GCC_541\Debug\Albumin_Measurement_Potentiostat.a(VDAC_VG.o)
 .debug_info    0x00008473      0x165 .\CortexM3\ARM_GCC_541\Debug\Albumin_Measurement_Potentiostat.a(AMux_Cur.o)
 .debug_info    0x000085d8      0x343 .\CortexM3\ARM_GCC_541\Debug\Albumin_Measurement_Potentiostat.a(DVDAC_SetV.o)
 .debug_info    0x0000891b      0x189 .\CortexM3\ARM_GCC_541\Debug\Albumin_Measurement_Potentiostat.a(DVDAC_SetV_PM.o)
 .debug_info    0x00008aa4      0x165 .\CortexM3\ARM_GCC_541\Debug\Albumin_Measurement_Potentiostat.a(AMux_Electrodes.o)
 .debug_info    0x00008c09      0x1aa .\CortexM3\ARM_GCC_541\Debug\Albumin_Measurement_Potentiostat.a(DVDAC_SetV_DMA_dma.o)
 .debug_info    0x00008db3      0x1dd .\CortexM3\ARM_GCC_541\Debug\Albumin_Measurement_Potentiostat.a(DVDAC_SetV_VDAC8.o)
 .debug_info    0x00008f90      0x177 .\CortexM3\ARM_GCC_541\Debug\Albumin_Measurement_Potentiostat.a(DVDAC_SetV_VDAC8_PM.o)
 .debug_info    0x00009107      0x283 .\CortexM3\ARM_GCC_541\Debug\Albumin_Measurement_Potentiostat.a(DVDAC_SetV_IntClock.o)
 .debug_info    0x0000938a       0xbf .\CortexM3\ARM_GCC_541\Debug\Albumin_Measurement_Potentiostat.a(CyBootAsmGnu.o)
 .debug_info    0x00009449      0x64d .\CortexM3\ARM_GCC_541\Debug\Albumin_Measurement_Potentiostat.a(CyFlash.o)
 .debug_info    0x00009a96      0x550 .\CortexM3\ARM_GCC_541\Debug\Albumin_Measurement_Potentiostat.a(CySpc.o)

.debug_abbrev   0x00000000     0x2e3c
 *(.debug_abbrev)
 .debug_abbrev  0x00000000      0x148 .\CortexM3\ARM_GCC_541\Debug\main.o
 .debug_abbrev  0x00000148      0x140 .\CortexM3\ARM_GCC_541\Debug\Calibration.o
 .debug_abbrev  0x00000288       0xd7 .\CortexM3\ARM_GCC_541\Debug\InterruptRoutines.o
 .debug_abbrev  0x0000035f       0xa0 .\CortexM3\ARM_GCC_541\Debug\InterruptUART.o
 .debug_abbrev  0x000003ff       0xf3 .\CortexM3\ARM_GCC_541\Debug\Rx_Hn.o
 .debug_abbrev  0x000004f2       0xbe .\CortexM3\ARM_GCC_541\Debug\VoltageControl.o
 .debug_abbrev  0x000005b0       0xbe .\CortexM3\ARM_GCC_541\Debug\Crono_Measurement.o
 .debug_abbrev  0x0000066e       0xbb .\CortexM3\ARM_GCC_541\Debug\MinMax.o
 .debug_abbrev  0x00000729       0xea .\CortexM3\ARM_GCC_541\Debug\R_TIA_Select.o
 .debug_abbrev  0x00000813      0x249 .\CortexM3\ARM_GCC_541\Debug\cyfitter_cfg.o
 .debug_abbrev  0x00000a5c       0x77 .\CortexM3\ARM_GCC_541\Debug\cymetadata.o
 .debug_abbrev  0x00000ad3      0x1e8 .\CortexM3\ARM_GCC_541\Debug\Cm3Start.o
 .debug_abbrev  0x00000cbb       0xf7 .\CortexM3\ARM_GCC_541\Debug\Albumin_Measurement_Potentiostat.a(TIA.o)
 .debug_abbrev  0x00000db2      0x1eb .\CortexM3\ARM_GCC_541\Debug\Albumin_Measurement_Potentiostat.a(ADC_DelSig.o)
 .debug_abbrev  0x00000f9d       0x42 .\CortexM3\ARM_GCC_541\Debug\Albumin_Measurement_Potentiostat.a(ADC_DelSig_INT.o)
 .debug_abbrev  0x00000fdf      0x106 .\CortexM3\ARM_GCC_541\Debug\Albumin_Measurement_Potentiostat.a(IDAC_Calibration.o)
 .debug_abbrev  0x000010e5       0xb2 .\CortexM3\ARM_GCC_541\Debug\Albumin_Measurement_Potentiostat.a(Opamp.o)
 .debug_abbrev  0x00001197      0x175 .\CortexM3\ARM_GCC_541\Debug\Albumin_Measurement_Potentiostat.a(UART.o)
 .debug_abbrev  0x0000130c      0x173 .\CortexM3\ARM_GCC_541\Debug\Albumin_Measurement_Potentiostat.a(isr_RX.o)
 .debug_abbrev  0x0000147f       0x90 .\CortexM3\ARM_GCC_541\Debug\Albumin_Measurement_Potentiostat.a(Pin_LED.o)
 .debug_abbrev  0x0000150f      0x139 .\CortexM3\ARM_GCC_541\Debug\Albumin_Measurement_Potentiostat.a(ADC_DelSig_Ext_CP_Clk.o)
 .debug_abbrev  0x00001648      0x121 .\CortexM3\ARM_GCC_541\Debug\Albumin_Measurement_Potentiostat.a(ADC_DelSig_theACLK.o)
 .debug_abbrev  0x00001769      0x139 .\CortexM3\ARM_GCC_541\Debug\Albumin_Measurement_Potentiostat.a(UART_IntClock.o)
 .debug_abbrev  0x000018a2      0x1b2 .\CortexM3\ARM_GCC_541\Debug\Albumin_Measurement_Potentiostat.a(CyDmac.o)
 .debug_abbrev  0x00001a54      0x254 .\CortexM3\ARM_GCC_541\Debug\Albumin_Measurement_Potentiostat.a(CyLib.o)
 .debug_abbrev  0x00001ca8      0x1ab .\CortexM3\ARM_GCC_541\Debug\Albumin_Measurement_Potentiostat.a(cyPm.o)
 .debug_abbrev  0x00001e53      0x133 .\CortexM3\ARM_GCC_541\Debug\Albumin_Measurement_Potentiostat.a(PWM_isr.o)
 .debug_abbrev  0x00001f86       0xac .\CortexM3\ARM_GCC_541\Debug\Albumin_Measurement_Potentiostat.a(PWM_isr_PM.o)
 .debug_abbrev  0x00002032      0x173 .\CortexM3\ARM_GCC_541\Debug\Albumin_Measurement_Potentiostat.a(isr_Crono.o)
 .debug_abbrev  0x000021a5      0x173 .\CortexM3\ARM_GCC_541\Debug\Albumin_Measurement_Potentiostat.a(isr_CV.o)
 .debug_abbrev  0x00002318       0xf7 .\CortexM3\ARM_GCC_541\Debug\Albumin_Measurement_Potentiostat.a(VDAC_VG.o)
 .debug_abbrev  0x0000240f       0xb1 .\CortexM3\ARM_GCC_541\Debug\Albumin_Measurement_Potentiostat.a(AMux_Cur.o)
 .debug_abbrev  0x000024c0      0x10f .\CortexM3\ARM_GCC_541\Debug\Albumin_Measurement_Potentiostat.a(DVDAC_SetV.o)
 .debug_abbrev  0x000025cf       0xac .\CortexM3\ARM_GCC_541\Debug\Albumin_Measurement_Potentiostat.a(DVDAC_SetV_PM.o)
 .debug_abbrev  0x0000267b       0xb1 .\CortexM3\ARM_GCC_541\Debug\Albumin_Measurement_Potentiostat.a(AMux_Electrodes.o)
 .debug_abbrev  0x0000272c       0xcd .\CortexM3\ARM_GCC_541\Debug\Albumin_Measurement_Potentiostat.a(DVDAC_SetV_DMA_dma.o)
 .debug_abbrev  0x000027f9       0xf7 .\CortexM3\ARM_GCC_541\Debug\Albumin_Measurement_Potentiostat.a(DVDAC_SetV_VDAC8.o)
 .debug_abbrev  0x000028f0       0xc4 .\CortexM3\ARM_GCC_541\Debug\Albumin_Measurement_Potentiostat.a(DVDAC_SetV_VDAC8_PM.o)
 .debug_abbrev  0x000029b4      0x139 .\CortexM3\ARM_GCC_541\Debug\Albumin_Measurement_Potentiostat.a(DVDAC_SetV_IntClock.o)
 .debug_abbrev  0x00002aed       0x14 .\CortexM3\ARM_GCC_541\Debug\Albumin_Measurement_Potentiostat.a(CyBootAsmGnu.o)
 .debug_abbrev  0x00002b01      0x1a7 .\CortexM3\ARM_GCC_541\Debug\Albumin_Measurement_Potentiostat.a(CyFlash.o)
 .debug_abbrev  0x00002ca8      0x194 .\CortexM3\ARM_GCC_541\Debug\Albumin_Measurement_Potentiostat.a(CySpc.o)

.debug_line     0x00000000     0x4843
 *(.debug_line)
 .debug_line    0x00000000      0x425 .\CortexM3\ARM_GCC_541\Debug\main.o
 .debug_line    0x00000425      0x23b .\CortexM3\ARM_GCC_541\Debug\Calibration.o
 .debug_line    0x00000660      0x1d9 .\CortexM3\ARM_GCC_541\Debug\InterruptRoutines.o
 .debug_line    0x00000839      0x19a .\CortexM3\ARM_GCC_541\Debug\InterruptUART.o
 .debug_line    0x000009d3      0x222 .\CortexM3\ARM_GCC_541\Debug\Rx_Hn.o
 .debug_line    0x00000bf5      0x1d8 .\CortexM3\ARM_GCC_541\Debug\VoltageControl.o
 .debug_line    0x00000dcd      0x1cb .\CortexM3\ARM_GCC_541\Debug\Crono_Measurement.o
 .debug_line    0x00000f98      0x18f .\CortexM3\ARM_GCC_541\Debug\MinMax.o
 .debug_line    0x00001127      0x1b1 .\CortexM3\ARM_GCC_541\Debug\R_TIA_Select.o
 .debug_line    0x000012d8      0x26f .\CortexM3\ARM_GCC_541\Debug\cyfitter_cfg.o
 .debug_line    0x00001547      0x141 .\CortexM3\ARM_GCC_541\Debug\cymetadata.o
 .debug_line    0x00001688      0x241 .\CortexM3\ARM_GCC_541\Debug\Cm3Start.o
 .debug_line    0x000018c9       0xd5 .\CortexM3\ARM_GCC_541\Debug\Albumin_Measurement_Potentiostat.a(TIA.o)
 .debug_line    0x0000199e      0x35b .\CortexM3\ARM_GCC_541\Debug\Albumin_Measurement_Potentiostat.a(ADC_DelSig.o)
 .debug_line    0x00001cf9       0x87 .\CortexM3\ARM_GCC_541\Debug\Albumin_Measurement_Potentiostat.a(ADC_DelSig_INT.o)
 .debug_line    0x00001d80      0x103 .\CortexM3\ARM_GCC_541\Debug\Albumin_Measurement_Potentiostat.a(IDAC_Calibration.o)
 .debug_line    0x00001e83       0xa8 .\CortexM3\ARM_GCC_541\Debug\Albumin_Measurement_Potentiostat.a(Opamp.o)
 .debug_line    0x00001f2b      0x2bc .\CortexM3\ARM_GCC_541\Debug\Albumin_Measurement_Potentiostat.a(UART.o)
 .debug_line    0x000021e7      0x133 .\CortexM3\ARM_GCC_541\Debug\Albumin_Measurement_Potentiostat.a(isr_RX.o)
 .debug_line    0x0000231a       0x94 .\CortexM3\ARM_GCC_541\Debug\Albumin_Measurement_Potentiostat.a(Pin_LED.o)
 .debug_line    0x000023ae      0x184 .\CortexM3\ARM_GCC_541\Debug\Albumin_Measurement_Potentiostat.a(ADC_DelSig_Ext_CP_Clk.o)
 .debug_line    0x00002532      0x1a4 .\CortexM3\ARM_GCC_541\Debug\Albumin_Measurement_Potentiostat.a(ADC_DelSig_theACLK.o)
 .debug_line    0x000026d6      0x17c .\CortexM3\ARM_GCC_541\Debug\Albumin_Measurement_Potentiostat.a(UART_IntClock.o)
 .debug_line    0x00002852      0x2e4 .\CortexM3\ARM_GCC_541\Debug\Albumin_Measurement_Potentiostat.a(CyDmac.o)
 .debug_line    0x00002b36      0x816 .\CortexM3\ARM_GCC_541\Debug\Albumin_Measurement_Potentiostat.a(CyLib.o)
 .debug_line    0x0000334c      0x367 .\CortexM3\ARM_GCC_541\Debug\Albumin_Measurement_Potentiostat.a(cyPm.o)
 .debug_line    0x000036b3      0x18a .\CortexM3\ARM_GCC_541\Debug\Albumin_Measurement_Potentiostat.a(PWM_isr.o)
 .debug_line    0x0000383d       0xb1 .\CortexM3\ARM_GCC_541\Debug\Albumin_Measurement_Potentiostat.a(PWM_isr_PM.o)
 .debug_line    0x000038ee      0x136 .\CortexM3\ARM_GCC_541\Debug\Albumin_Measurement_Potentiostat.a(isr_Crono.o)
 .debug_line    0x00003a24      0x133 .\CortexM3\ARM_GCC_541\Debug\Albumin_Measurement_Potentiostat.a(isr_CV.o)
 .debug_line    0x00003b57       0xe4 .\CortexM3\ARM_GCC_541\Debug\Albumin_Measurement_Potentiostat.a(VDAC_VG.o)
 .debug_line    0x00003c3b       0xac .\CortexM3\ARM_GCC_541\Debug\Albumin_Measurement_Potentiostat.a(AMux_Cur.o)
 .debug_line    0x00003ce7      0x14e .\CortexM3\ARM_GCC_541\Debug\Albumin_Measurement_Potentiostat.a(DVDAC_SetV.o)
 .debug_line    0x00003e35       0xc3 .\CortexM3\ARM_GCC_541\Debug\Albumin_Measurement_Potentiostat.a(DVDAC_SetV_PM.o)
 .debug_line    0x00003ef8       0xb3 .\CortexM3\ARM_GCC_541\Debug\Albumin_Measurement_Potentiostat.a(AMux_Electrodes.o)
 .debug_line    0x00003fab       0x8b .\CortexM3\ARM_GCC_541\Debug\Albumin_Measurement_Potentiostat.a(DVDAC_SetV_DMA_dma.o)
 .debug_line    0x00004036       0xec .\CortexM3\ARM_GCC_541\Debug\Albumin_Measurement_Potentiostat.a(DVDAC_SetV_VDAC8.o)
 .debug_line    0x00004122       0xbf .\CortexM3\ARM_GCC_541\Debug\Albumin_Measurement_Potentiostat.a(DVDAC_SetV_VDAC8_PM.o)
 .debug_line    0x000041e1      0x182 .\CortexM3\ARM_GCC_541\Debug\Albumin_Measurement_Potentiostat.a(DVDAC_SetV_IntClock.o)
 .debug_line    0x00004363       0x66 .\CortexM3\ARM_GCC_541\Debug\Albumin_Measurement_Potentiostat.a(CyBootAsmGnu.o)
 .debug_line    0x000043c9      0x21a .\CortexM3\ARM_GCC_541\Debug\Albumin_Measurement_Potentiostat.a(CyFlash.o)
 .debug_line    0x000045e3      0x260 .\CortexM3\ARM_GCC_541\Debug\Albumin_Measurement_Potentiostat.a(CySpc.o)

.debug_frame    0x00000000     0x2678
 *(.debug_frame)
 .debug_frame   0x00000000       0x34 .\CortexM3\ARM_GCC_541\Debug\main.o
 .debug_frame   0x00000034       0x44 .\CortexM3\ARM_GCC_541\Debug\Calibration.o
 .debug_frame   0x00000078       0x2c .\CortexM3\ARM_GCC_541\Debug\InterruptRoutines.o
 .debug_frame   0x000000a4       0x20 .\CortexM3\ARM_GCC_541\Debug\InterruptUART.o
 .debug_frame   0x000000c4       0x30 .\CortexM3\ARM_GCC_541\Debug\Rx_Hn.o
 .debug_frame   0x000000f4       0x30 .\CortexM3\ARM_GCC_541\Debug\VoltageControl.o
 .debug_frame   0x00000124       0x2c .\CortexM3\ARM_GCC_541\Debug\Crono_Measurement.o
 .debug_frame   0x00000150       0x30 .\CortexM3\ARM_GCC_541\Debug\MinMax.o
 .debug_frame   0x00000180       0x2c .\CortexM3\ARM_GCC_541\Debug\R_TIA_Select.o
 .debug_frame   0x000001ac      0x13c .\CortexM3\ARM_GCC_541\Debug\cyfitter_cfg.o
 .debug_frame   0x000002e8       0xb8 .\CortexM3\ARM_GCC_541\Debug\Cm3Start.o
 .debug_frame   0x000003a0       0x98 .\CortexM3\ARM_GCC_541\Debug\Albumin_Measurement_Potentiostat.a(TIA.o)
 .debug_frame   0x00000438      0x284 .\CortexM3\ARM_GCC_541\Debug\Albumin_Measurement_Potentiostat.a(ADC_DelSig.o)
 .debug_frame   0x000006bc       0x50 .\CortexM3\ARM_GCC_541\Debug\Albumin_Measurement_Potentiostat.a(ADC_DelSig_INT.o)
 .debug_frame   0x0000070c       0xd0 .\CortexM3\ARM_GCC_541\Debug\Albumin_Measurement_Potentiostat.a(IDAC_Calibration.o)
 .debug_frame   0x000007dc       0x78 .\CortexM3\ARM_GCC_541\Debug\Albumin_Measurement_Potentiostat.a(Opamp.o)
 .debug_frame   0x00000854      0x250 .\CortexM3\ARM_GCC_541\Debug\Albumin_Measurement_Potentiostat.a(UART.o)
 .debug_frame   0x00000aa4      0x104 .\CortexM3\ARM_GCC_541\Debug\Albumin_Measurement_Potentiostat.a(isr_RX.o)
 .debug_frame   0x00000ba8       0x50 .\CortexM3\ARM_GCC_541\Debug\Albumin_Measurement_Potentiostat.a(Pin_LED.o)
 .debug_frame   0x00000bf8       0xe0 .\CortexM3\ARM_GCC_541\Debug\Albumin_Measurement_Potentiostat.a(ADC_DelSig_Ext_CP_Clk.o)
 .debug_frame   0x00000cd8      0x100 .\CortexM3\ARM_GCC_541\Debug\Albumin_Measurement_Potentiostat.a(ADC_DelSig_theACLK.o)
 .debug_frame   0x00000dd8       0xe0 .\CortexM3\ARM_GCC_541\Debug\Albumin_Measurement_Potentiostat.a(UART_IntClock.o)
 .debug_frame   0x00000eb8      0x1f8 .\CortexM3\ARM_GCC_541\Debug\Albumin_Measurement_Potentiostat.a(CyDmac.o)
 .debug_frame   0x000010b0      0x738 .\CortexM3\ARM_GCC_541\Debug\Albumin_Measurement_Potentiostat.a(CyLib.o)
 .debug_frame   0x000017e8      0x1f8 .\CortexM3\ARM_GCC_541\Debug\Albumin_Measurement_Potentiostat.a(cyPm.o)
 .debug_frame   0x000019e0      0x134 .\CortexM3\ARM_GCC_541\Debug\Albumin_Measurement_Potentiostat.a(PWM_isr.o)
 .debug_frame   0x00001b14       0x80 .\CortexM3\ARM_GCC_541\Debug\Albumin_Measurement_Potentiostat.a(PWM_isr_PM.o)
 .debug_frame   0x00001b94      0x104 .\CortexM3\ARM_GCC_541\Debug\Albumin_Measurement_Potentiostat.a(isr_Crono.o)
 .debug_frame   0x00001c98      0x104 .\CortexM3\ARM_GCC_541\Debug\Albumin_Measurement_Potentiostat.a(isr_CV.o)
 .debug_frame   0x00001d9c       0xb4 .\CortexM3\ARM_GCC_541\Debug\Albumin_Measurement_Potentiostat.a(VDAC_VG.o)
 .debug_frame   0x00001e50       0x64 .\CortexM3\ARM_GCC_541\Debug\Albumin_Measurement_Potentiostat.a(AMux_Cur.o)
 .debug_frame   0x00001eb4       0xc0 .\CortexM3\ARM_GCC_541\Debug\Albumin_Measurement_Potentiostat.a(DVDAC_SetV.o)
 .debug_frame   0x00001f74       0x80 .\CortexM3\ARM_GCC_541\Debug\Albumin_Measurement_Potentiostat.a(DVDAC_SetV_PM.o)
 .debug_frame   0x00001ff4       0x64 .\CortexM3\ARM_GCC_541\Debug\Albumin_Measurement_Potentiostat.a(AMux_Electrodes.o)
 .debug_frame   0x00002058       0x54 .\CortexM3\ARM_GCC_541\Debug\Albumin_Measurement_Potentiostat.a(DVDAC_SetV_DMA_dma.o)
 .debug_frame   0x000020ac       0xb4 .\CortexM3\ARM_GCC_541\Debug\Albumin_Measurement_Potentiostat.a(DVDAC_SetV_VDAC8.o)
 .debug_frame   0x00002160       0x68 .\CortexM3\ARM_GCC_541\Debug\Albumin_Measurement_Potentiostat.a(DVDAC_SetV_VDAC8_PM.o)
 .debug_frame   0x000021c8       0xe0 .\CortexM3\ARM_GCC_541\Debug\Albumin_Measurement_Potentiostat.a(DVDAC_SetV_IntClock.o)
 .debug_frame   0x000022a8      0x194 .\CortexM3\ARM_GCC_541\Debug\Albumin_Measurement_Potentiostat.a(CyFlash.o)
 .debug_frame   0x0000243c      0x180 .\CortexM3\ARM_GCC_541\Debug\Albumin_Measurement_Potentiostat.a(CySpc.o)
 .debug_frame   0x000025bc       0x20 c:/program files (x86)/cypress/psoc creator/4.4/psoc creator/import/gnu/arm/5.4.1/bin/../lib/gcc/arm-none-eabi/5.4.1/../../../../arm-none-eabi/lib/armv7-m\libg_nano.a(lib_a-errno.o)
 .debug_frame   0x000025dc       0x28 c:/program files (x86)/cypress/psoc creator/4.4/psoc creator/import/gnu/arm/5.4.1/bin/../lib/gcc/arm-none-eabi/5.4.1/../../../../arm-none-eabi/lib/armv7-m\libg_nano.a(lib_a-exit.o)
 .debug_frame   0x00002604       0x2c c:/program files (x86)/cypress/psoc creator/4.4/psoc creator/import/gnu/arm/5.4.1/bin/../lib/gcc/arm-none-eabi/5.4.1/../../../../arm-none-eabi/lib/armv7-m\libg_nano.a(lib_a-init.o)
 .debug_frame   0x00002630       0x28 c:/program files (x86)/cypress/psoc creator/4.4/psoc creator/import/gnu/arm/5.4.1/bin/../lib/gcc/arm-none-eabi/5.4.1/../../../../arm-none-eabi/lib/armv7-m\libg_nano.a(lib_a-memcpy-stub.o)
 .debug_frame   0x00002658       0x20 c:/program files (x86)/cypress/psoc creator/4.4/psoc creator/import/gnu/arm/5.4.1/bin/../lib/gcc/arm-none-eabi/5.4.1/../../../../arm-none-eabi/lib/armv7-m\libg_nano.a(lib_a-memset.o)

.debug_str      0x00000000     0x3713
 *(.debug_str)
 .debug_str     0x00000000      0x580 .\CortexM3\ARM_GCC_541\Debug\main.o
                                0x5e6 (size before relaxing)
 .debug_str     0x00000580      0x105 .\CortexM3\ARM_GCC_541\Debug\Calibration.o
                                0x33c (size before relaxing)
 .debug_str     0x00000685       0x37 .\CortexM3\ARM_GCC_541\Debug\InterruptRoutines.o
                                0x380 (size before relaxing)
 .debug_str     0x000006bc       0x1e .\CortexM3\ARM_GCC_541\Debug\InterruptUART.o
                                0x269 (size before relaxing)
 .debug_str     0x000006da       0x56 .\CortexM3\ARM_GCC_541\Debug\Rx_Hn.o
                                0x36b (size before relaxing)
 .debug_str     0x00000730       0x1f .\CortexM3\ARM_GCC_541\Debug\VoltageControl.o
                                0x33e (size before relaxing)
 .debug_str     0x0000074f       0x4e .\CortexM3\ARM_GCC_541\Debug\Crono_Measurement.o
                                0x366 (size before relaxing)
 .debug_str     0x0000079d       0x14 .\CortexM3\ARM_GCC_541\Debug\MinMax.o
                                0x304 (size before relaxing)
 .debug_str     0x000007b1       0x3b .\CortexM3\ARM_GCC_541\Debug\R_TIA_Select.o
                                0x2df (size before relaxing)
 .debug_str     0x000007ec      0x2bc .\CortexM3\ARM_GCC_541\Debug\cyfitter_cfg.o
                                0x48d (size before relaxing)
 .debug_str     0x00000aa8       0x7f .\CortexM3\ARM_GCC_541\Debug\cymetadata.o
                                0x213 (size before relaxing)
 .debug_str     0x00000b27      0x154 .\CortexM3\ARM_GCC_541\Debug\Cm3Start.o
                                0x349 (size before relaxing)
 .debug_str     0x00000c7b       0x86 .\CortexM3\ARM_GCC_541\Debug\Albumin_Measurement_Potentiostat.a(TIA.o)
                                0x252 (size before relaxing)
 .debug_str     0x00000d01      0x487 .\CortexM3\ARM_GCC_541\Debug\Albumin_Measurement_Potentiostat.a(ADC_DelSig.o)
                                0x700 (size before relaxing)
 .debug_str     0x00001188       0x68 .\CortexM3\ARM_GCC_541\Debug\Albumin_Measurement_Potentiostat.a(ADC_DelSig_INT.o)
                                0x212 (size before relaxing)
 .debug_str     0x000011f0       0xd8 .\CortexM3\ARM_GCC_541\Debug\Albumin_Measurement_Potentiostat.a(IDAC_Calibration.o)
                                0x2e2 (size before relaxing)
 .debug_str     0x000012c8       0x5f .\CortexM3\ARM_GCC_541\Debug\Albumin_Measurement_Potentiostat.a(Opamp.o)
                                0x226 (size before relaxing)
 .debug_str     0x00001327      0x265 .\CortexM3\ARM_GCC_541\Debug\Albumin_Measurement_Potentiostat.a(UART.o)
                                0x4a4 (size before relaxing)
 .debug_str     0x0000158c       0xfd .\CortexM3\ARM_GCC_541\Debug\Albumin_Measurement_Potentiostat.a(isr_RX.o)
                                0x2e3 (size before relaxing)
 .debug_str     0x00001689       0x62 .\CortexM3\ARM_GCC_541\Debug\Albumin_Measurement_Potentiostat.a(Pin_LED.o)
                                0x21b (size before relaxing)
 .debug_str     0x000016eb      0x1b3 .\CortexM3\ARM_GCC_541\Debug\Albumin_Measurement_Potentiostat.a(ADC_DelSig_Ext_CP_Clk.o)
                                0x3c5 (size before relaxing)
 .debug_str     0x0000189e      0x1a3 .\CortexM3\ARM_GCC_541\Debug\Albumin_Measurement_Potentiostat.a(ADC_DelSig_theACLK.o)
                                0x3f2 (size before relaxing)
 .debug_str     0x00001a41      0x138 .\CortexM3\ARM_GCC_541\Debug\Albumin_Measurement_Potentiostat.a(UART_IntClock.o)
                                0x365 (size before relaxing)
 .debug_str     0x00001b79      0x33f .\CortexM3\ARM_GCC_541\Debug\Albumin_Measurement_Potentiostat.a(CyDmac.o)
                                0x579 (size before relaxing)
 .debug_str     0x00001eb8      0x7b3 .\CortexM3\ARM_GCC_541\Debug\Albumin_Measurement_Potentiostat.a(CyLib.o)
                                0xa76 (size before relaxing)
 .debug_str     0x0000266b      0x365 .\CortexM3\ARM_GCC_541\Debug\Albumin_Measurement_Potentiostat.a(cyPm.o)
                                0x762 (size before relaxing)
 .debug_str     0x000029d0      0x178 .\CortexM3\ARM_GCC_541\Debug\Albumin_Measurement_Potentiostat.a(PWM_isr.o)
                                0x3b3 (size before relaxing)
 .debug_str     0x00002b48       0xc6 .\CortexM3\ARM_GCC_541\Debug\Albumin_Measurement_Potentiostat.a(PWM_isr_PM.o)
                                0x335 (size before relaxing)
 .debug_str     0x00002c0e       0xe9 .\CortexM3\ARM_GCC_541\Debug\Albumin_Measurement_Potentiostat.a(isr_Crono.o)
                                0x30d (size before relaxing)
 .debug_str     0x00002cf7       0xc8 .\CortexM3\ARM_GCC_541\Debug\Albumin_Measurement_Potentiostat.a(isr_CV.o)
                                0x2e3 (size before relaxing)
 .debug_str     0x00002dbf       0x9d .\CortexM3\ARM_GCC_541\Debug\Albumin_Measurement_Potentiostat.a(VDAC_VG.o)
                                0x262 (size before relaxing)
 .debug_str     0x00002e5c       0x50 .\CortexM3\ARM_GCC_541\Debug\Albumin_Measurement_Potentiostat.a(AMux_Cur.o)
                                0x22e (size before relaxing)
 .debug_str     0x00002eac      0x161 .\CortexM3\ARM_GCC_541\Debug\Albumin_Measurement_Potentiostat.a(DVDAC_SetV.o)
                                0x3c1 (size before relaxing)
 .debug_str     0x0000300d       0xda .\CortexM3\ARM_GCC_541\Debug\Albumin_Measurement_Potentiostat.a(DVDAC_SetV_PM.o)
                                0x2ad (size before relaxing)
 .debug_str     0x000030e7       0x60 .\CortexM3\ARM_GCC_541\Debug\Albumin_Measurement_Potentiostat.a(AMux_Electrodes.o)
                                0x25f (size before relaxing)
 .debug_str     0x00003147       0x9a .\CortexM3\ARM_GCC_541\Debug\Albumin_Measurement_Potentiostat.a(DVDAC_SetV_DMA_dma.o)
                                0x2bf (size before relaxing)
 .debug_str     0x000031e1       0xc1 .\CortexM3\ARM_GCC_541\Debug\Albumin_Measurement_Potentiostat.a(DVDAC_SetV_VDAC8.o)
                                0x2bc (size before relaxing)
 .debug_str     0x000032a2       0x9d .\CortexM3\ARM_GCC_541\Debug\Albumin_Measurement_Potentiostat.a(DVDAC_SetV_VDAC8_PM.o)
                                0x2cc (size before relaxing)
 .debug_str     0x0000333f      0x174 .\CortexM3\ARM_GCC_541\Debug\Albumin_Measurement_Potentiostat.a(DVDAC_SetV_IntClock.o)
                                0x3ad (size before relaxing)
 .debug_str     0x000034b3      0x1b4 .\CortexM3\ARM_GCC_541\Debug\Albumin_Measurement_Potentiostat.a(CyFlash.o)
                                0x3ef (size before relaxing)
 .debug_str     0x00003667       0xac .\CortexM3\ARM_GCC_541\Debug\Albumin_Measurement_Potentiostat.a(CySpc.o)
                                0x367 (size before relaxing)

.debug_loc      0x00000000     0x3c1b
 *(.debug_loc)
 .debug_loc     0x00000000       0x13 .\CortexM3\ARM_GCC_541\Debug\main.o
 .debug_loc     0x00000013       0xa8 .\CortexM3\ARM_GCC_541\Debug\Calibration.o
 .debug_loc     0x000000bb       0x29 .\CortexM3\ARM_GCC_541\Debug\Rx_Hn.o
 .debug_loc     0x000000e4       0x42 .\CortexM3\ARM_GCC_541\Debug\MinMax.o
 .debug_loc     0x00000126       0xe9 .\CortexM3\ARM_GCC_541\Debug\R_TIA_Select.o
 .debug_loc     0x0000020f      0x39a .\CortexM3\ARM_GCC_541\Debug\cyfitter_cfg.o
 .debug_loc     0x000005a9      0x144 .\CortexM3\ARM_GCC_541\Debug\Cm3Start.o
 .debug_loc     0x000006ed       0x81 .\CortexM3\ARM_GCC_541\Debug\Albumin_Measurement_Potentiostat.a(TIA.o)
 .debug_loc     0x0000076e      0x68c .\CortexM3\ARM_GCC_541\Debug\Albumin_Measurement_Potentiostat.a(ADC_DelSig.o)
 .debug_loc     0x00000dfa       0x76 .\CortexM3\ARM_GCC_541\Debug\Albumin_Measurement_Potentiostat.a(IDAC_Calibration.o)
 .debug_loc     0x00000e70       0x21 .\CortexM3\ARM_GCC_541\Debug\Albumin_Measurement_Potentiostat.a(Opamp.o)
 .debug_loc     0x00000e91      0x258 .\CortexM3\ARM_GCC_541\Debug\Albumin_Measurement_Potentiostat.a(UART.o)
 .debug_loc     0x000010e9       0x56 .\CortexM3\ARM_GCC_541\Debug\Albumin_Measurement_Potentiostat.a(isr_RX.o)
 .debug_loc     0x0000113f       0x42 .\CortexM3\ARM_GCC_541\Debug\Albumin_Measurement_Potentiostat.a(Pin_LED.o)
 .debug_loc     0x00001181      0x128 .\CortexM3\ARM_GCC_541\Debug\Albumin_Measurement_Potentiostat.a(ADC_DelSig_Ext_CP_Clk.o)
 .debug_loc     0x000012a9      0x14d .\CortexM3\ARM_GCC_541\Debug\Albumin_Measurement_Potentiostat.a(ADC_DelSig_theACLK.o)
 .debug_loc     0x000013f6      0x128 .\CortexM3\ARM_GCC_541\Debug\Albumin_Measurement_Potentiostat.a(UART_IntClock.o)
 .debug_loc     0x0000151e      0xb8e .\CortexM3\ARM_GCC_541\Debug\Albumin_Measurement_Potentiostat.a(CyDmac.o)
 .debug_loc     0x000020ac      0xa11 .\CortexM3\ARM_GCC_541\Debug\Albumin_Measurement_Potentiostat.a(CyLib.o)
 .debug_loc     0x00002abd      0x1e4 .\CortexM3\ARM_GCC_541\Debug\Albumin_Measurement_Potentiostat.a(cyPm.o)
 .debug_loc     0x00002ca1       0x26 .\CortexM3\ARM_GCC_541\Debug\Albumin_Measurement_Potentiostat.a(PWM_isr.o)
 .debug_loc     0x00002cc7       0x56 .\CortexM3\ARM_GCC_541\Debug\Albumin_Measurement_Potentiostat.a(isr_Crono.o)
 .debug_loc     0x00002d1d       0x56 .\CortexM3\ARM_GCC_541\Debug\Albumin_Measurement_Potentiostat.a(isr_CV.o)
 .debug_loc     0x00002d73       0x79 .\CortexM3\ARM_GCC_541\Debug\Albumin_Measurement_Potentiostat.a(VDAC_VG.o)
 .debug_loc     0x00002dec       0x6c .\CortexM3\ARM_GCC_541\Debug\Albumin_Measurement_Potentiostat.a(AMux_Cur.o)
 .debug_loc     0x00002e58       0x7b .\CortexM3\ARM_GCC_541\Debug\Albumin_Measurement_Potentiostat.a(DVDAC_SetV.o)
 .debug_loc     0x00002ed3       0x6c .\CortexM3\ARM_GCC_541\Debug\Albumin_Measurement_Potentiostat.a(AMux_Electrodes.o)
 .debug_loc     0x00002f3f       0x84 .\CortexM3\ARM_GCC_541\Debug\Albumin_Measurement_Potentiostat.a(DVDAC_SetV_DMA_dma.o)
 .debug_loc     0x00002fc3       0x79 .\CortexM3\ARM_GCC_541\Debug\Albumin_Measurement_Potentiostat.a(DVDAC_SetV_VDAC8.o)
 .debug_loc     0x0000303c      0x128 .\CortexM3\ARM_GCC_541\Debug\Albumin_Measurement_Potentiostat.a(DVDAC_SetV_IntClock.o)
 .debug_loc     0x00003164      0x3b2 .\CortexM3\ARM_GCC_541\Debug\Albumin_Measurement_Potentiostat.a(CyFlash.o)
 .debug_loc     0x00003516      0x705 .\CortexM3\ARM_GCC_541\Debug\Albumin_Measurement_Potentiostat.a(CySpc.o)

.debug_macinfo
 *(.debug_macinfo)

.debug_ranges   0x00000000      0xdc8
 *(.debug_ranges)
 .debug_ranges  0x00000000       0x10 .\CortexM3\ARM_GCC_541\Debug\main.o
 .debug_ranges  0x00000010       0x10 .\CortexM3\ARM_GCC_541\Debug\Calibration.o
 .debug_ranges  0x00000020       0x10 .\CortexM3\ARM_GCC_541\Debug\InterruptRoutines.o
 .debug_ranges  0x00000030       0x10 .\CortexM3\ARM_GCC_541\Debug\InterruptUART.o
 .debug_ranges  0x00000040       0x10 .\CortexM3\ARM_GCC_541\Debug\Rx_Hn.o
 .debug_ranges  0x00000050       0x10 .\CortexM3\ARM_GCC_541\Debug\VoltageControl.o
 .debug_ranges  0x00000060       0x10 .\CortexM3\ARM_GCC_541\Debug\Crono_Measurement.o
 .debug_ranges  0x00000070       0x18 .\CortexM3\ARM_GCC_541\Debug\MinMax.o
 .debug_ranges  0x00000088       0x10 .\CortexM3\ARM_GCC_541\Debug\R_TIA_Select.o
 .debug_ranges  0x00000098       0x68 .\CortexM3\ARM_GCC_541\Debug\cyfitter_cfg.o
 .debug_ranges  0x00000100       0x38 .\CortexM3\ARM_GCC_541\Debug\Cm3Start.o
 .debug_ranges  0x00000138       0x40 .\CortexM3\ARM_GCC_541\Debug\Albumin_Measurement_Potentiostat.a(TIA.o)
 .debug_ranges  0x00000178       0xd8 .\CortexM3\ARM_GCC_541\Debug\Albumin_Measurement_Potentiostat.a(ADC_DelSig.o)